Component: ARM Compiler 5.06 update 6 (build 750) Tool: armlink [4d35ed]

==============================================================================

Section Cross References

    system_stm32f10x.o(i.SystemCoreClockUpdate) refers to system_stm32f10x.o(.data) for .data
    system_stm32f10x.o(i.SystemInit) refers to system_stm32f10x.o(i.SetSysClockTo72) for SetSysClockTo72
    startup_stm32f10x_md.o(RESET) refers to startup_stm32f10x_md.o(STACK) for __initial_sp
    startup_stm32f10x_md.o(RESET) refers to startup_stm32f10x_md.o(.text) for Reset_Handler
    startup_stm32f10x_md.o(RESET) refers to stm32f10x_it.o(i.NMI_Handler) for NMI_Handler
    startup_stm32f10x_md.o(RESET) refers to stm32f10x_it.o(i.HardFault_Handler) for HardFault_Handler
    startup_stm32f10x_md.o(RESET) refers to stm32f10x_it.o(i.MemManage_Handler) for MemManage_Handler
    startup_stm32f10x_md.o(RESET) refers to stm32f10x_it.o(i.BusFault_Handler) for BusFault_Handler
    startup_stm32f10x_md.o(RESET) refers to stm32f10x_it.o(i.UsageFault_Handler) for UsageFault_Handler
    startup_stm32f10x_md.o(RESET) refers to stm32f10x_it.o(i.SVC_Handler) for SVC_Handler
    startup_stm32f10x_md.o(RESET) refers to stm32f10x_it.o(i.DebugMon_Handler) for DebugMon_Handler
    startup_stm32f10x_md.o(RESET) refers to stm32f10x_it.o(i.PendSV_Handler) for PendSV_Handler
    startup_stm32f10x_md.o(RESET) refers to stm32f10x_it.o(i.SysTick_Handler) for SysTick_Handler
    startup_stm32f10x_md.o(RESET) refers to sensor.o(i.EXTI0_IRQHandler) for EXTI0_IRQHandler
    startup_stm32f10x_md.o(RESET) refers to delay.o(i.TIM2_IRQHandler) for TIM2_IRQHandler
    startup_stm32f10x_md.o(RESET) refers to game_dino_jump.o(i.TIM3_IRQHandler) for TIM3_IRQHandler
    startup_stm32f10x_md.o(RESET) refers to usart1.o(i.USART1_IRQHandler) for USART1_IRQHandler
    startup_stm32f10x_md.o(.text) refers to system_stm32f10x.o(i.SystemInit) for SystemInit
    startup_stm32f10x_md.o(.text) refers to entry.o(.ARM.Collect$$$$00000000) for __main
    main.o(i.MX_GPIO_Init) refers to gpio_config.o(i.GPIO_Config_Pin) for GPIO_Config_Pin
    main.o(i.MX_GPIO_Init) refers to stm32f10x_gpio.o(i.GPIO_ResetBits) for GPIO_ResetBits
    main.o(i.System_startup) refers to oled.o(i.OLED_ShowImage) for OLED_ShowImage
    main.o(i.System_startup) refers to oled.o(i.OLED_Update) for OLED_Update
    main.o(i.System_startup) refers to stm32f10x_gpio.o(i.GPIO_ReadInputDataBit) for GPIO_ReadInputDataBit
    main.o(i.System_startup) refers to oled.o(i.OLED_Clear) for OLED_Clear
    main.o(i.System_startup) refers to oled.o(i.OLED_ShowChinese) for OLED_ShowChinese
    main.o(i.System_startup) refers to oled.o(i.OLED_ClearArea) for OLED_ClearArea
    main.o(i.System_startup) refers to oled.o(i.OLED_DrawPoint) for OLED_DrawPoint
    main.o(i.System_startup) refers to printfa.o(i.__0sprintf) for __2sprintf
    main.o(i.System_startup) refers to oled.o(i.OLED_ShowString) for OLED_ShowString
    main.o(i.System_startup) refers to delay.o(i.Delay_ms) for Delay_ms
    main.o(i.System_startup) refers to stm32f10x_gpio.o(i.GPIO_WriteBit) for GPIO_WriteBit
    main.o(i.System_startup) refers to oled_data.o(.constdata) for HT_LOGO1
    main.o(i.main) refers to gpio_config.o(i.GPIO_Unused_Init) for GPIO_Unused_Init
    main.o(i.main) refers to delay.o(i.Delay_Init) for Delay_Init
    main.o(i.main) refers to main.o(i.MX_GPIO_Init) for MX_GPIO_Init
    main.o(i.main) refers to oled.o(i.OLED_Init) for OLED_Init
    main.o(i.main) refers to usart1.o(i.USART1_Init) for USART1_Init
    main.o(i.main) refers to key_multi.o(i.Key_Init) for Key_Init
    main.o(i.main) refers to sensor.o(i.Sensor_Init) for Sensor_Init
    main.o(i.main) refers to buzzer.o(i.Buzzer_Init) for Buzzer_Init
    main.o(i.main) refers to statistics.o(i.Statistics_Init) for Statistics_Init
    main.o(i.main) refers to adc.o(i.ADC1_Init) for ADC1_Init
    main.o(i.main) refers to cyz_package.o(i.CYZ_Receiver_Init) for CYZ_Receiver_Init
    main.o(i.main) refers to dht11.o(i.DHT11_Init) for DHT11_Init
    main.o(i.main) refers to menu_creat.o(i.Menu_Setup) for Menu_Setup
    main.o(i.main) refers to menu.o(i.Menu_Display) for Menu_Display
    main.o(i.main) refers to cyz_package.o(i.CYZ_Receiver_SetCallback) for CYZ_Receiver_SetCallback
    main.o(i.main) refers to delay.o(i.Delay_Start) for Delay_Start
    main.o(i.main) refers to key_multi.o(i.Key_Status_Process) for Key_Status_Process
    main.o(i.main) refers to menu.o(i.Menu_Process) for Menu_Process
    main.o(i.main) refers to cyz_package.o(i.CYZ_Receiver_Process) for CYZ_Receiver_Process
    main.o(i.main) refers to delay.o(i.Delay_Check) for Delay_Check
    main.o(i.main) refers to timestamp.o(i.Time_Update) for Time_Update
    main.o(i.main) refers to menu.o(i.Menu_Refresh) for Menu_Refresh
    main.o(i.main) refers to delay.o(i.Delay_Reset) for Delay_Reset
    main.o(i.main) refers to timestamp.o(i.Time_SyncFromNetwork) for Time_SyncFromNetwork
[...]
    _fp_digits                               0x08005141   Thumb Code   366  printfa.o(i._fp_digits)
    i._printf_core                           0x080052c4   Section        0  printfa.o(i._printf_core)
    _printf_core                             0x080052c5   Thumb Code  1744  printfa.o(i._printf_core)
    i._printf_post_padding                   0x080059a0   Section        0  printfa.o(i._printf_post_padding)
    _printf_post_padding                     0x080059a1   Thumb Code    36  printfa.o(i._printf_post_padding)
    i._printf_pre_padding                    0x080059c4   Section        0  printfa.o(i._printf_pre_padding)
    _printf_pre_padding                      0x080059c5   Thumb Code    46  printfa.o(i._printf_pre_padding)
    i._snputc                                0x080059f2   Section        0  printfa.o(i._snputc)
    _snputc                                  0x080059f3   Thumb Code    22  printfa.o(i._snputc)
    i._sputc                                 0x08005a08   Section        0  printfa.o(i._sputc)
    _sputc                                   0x08005a09   Thumb Code    10  printfa.o(i._sputc)
    i.cyz_data_handler                       0x08005a12   Section        0  cyz_package.o(i.cyz_data_handler)
    i.main                                   0x08005a20   Section        0  main.o(i.main)
    i.round                                  0x08005ac0   Section        0  round.o(i.round)
    i.show_adc_display                       0x08005b54   Section        0  adc.o(i.show_adc_display)
    .constdata                               0x08005d28   Section     1520  oled_data.o(.constdata)
    .constdata                               0x08006318   Section      570  oled_data.o(.constdata)
    .constdata                               0x08006554   Section       76  menufunctions.o(.constdata)
    .constdata                               0x080065a0   Section      560  menu_creat.o(.constdata)
    .constdata                               0x080067d0   Section      138  game_dino_jump.o(.constdata)
    DinoRun1                                 0x080067d0   Data          63  game_dino_jump.o(.constdata)
    DinoRun2                                 0x0800680f   Data          63  game_dino_jump.o(.constdata)
    tree_smallData                           0x0800684e   Data          12  game_dino_jump.o(.constdata)
    .constdata                               0x0800685a   Section      112  game_tetris.o(.constdata)
    SHAPES                                   0x0800685a   Data         112  game_tetris.o(.constdata)
    .constdata                               0x080068ca   Section        8  game_flappybird.o(.constdata)
    birdData                                 0x080068ca   Data           8  game_flappybird.o(.constdata)
    .constdata                               0x080068d4   Section       16  timestamp.o(.constdata)
    .conststring                             0x080068e4   Section       22  menufunctions.o(.conststring)
    .conststring                             0x080068fc   Section      232  menu_creat.o(.conststring)
    .conststring                             0x080069e4   Section       35  timestamp.o(.conststring)
    .data                                    0x20000000   Section       20  stm32f10x_rcc.o(.data)
    ADCPrescTable                            0x20000000   Data           4  stm32f10x_rcc.o(.data)
    APBAHBPrescTable                         0x20000004   Data          16  stm32f10x_rcc.o(.data)
    .data                                    0x20000014   Section        4  delay.o(.data)
    system_time                              0x20000014   Data           4  delay.o(.data)
    .data                                    0x20000018   Section        2  key_multi.o(.data)
    .data                                    0x2000001a   Section        1  menu.o(.data)
    item_index                               0x2000001a   Data           1  menu.o(.data)
    .data                                    0x2000001b   Section        1  menu_creat.o(.data)
    led_enable                               0x2000001b   Data           1  menu_creat.o(.data)
    .data                                    0x2000001c   Section        4  sensor.o(.data)
    .data                                    0x20000020   Section        2  statistics.o(.data)
    .data                                    0x20000022   Section        1  statistics.o(.data)
    .data                                    0x20000024   Section       24  usart1.o(.data)
    tx_busy                                  0x20000024   Data           1  usart1.o(.data)
    rx_enabled                               0x20000025   Data           1  usart1.o(.data)
    rx_callback                              0x20000028   Data           4  usart1.o(.data)
    rx_buf                                   0x2000002c   Data          16  usart1.o(.data)
    .data                                    0x2000003c   Section       24  game_dino_jump.o(.data)
    obstacleSpeed                            0x2000003c   Data           1  game_dino_jump.o(.data)
    dinoFrame                                0x2000003d   Data           1  game_dino_jump.o(.data)
    gameState                                0x2000003f   Data           1  game_dino_jump.o(.data)
    isJumping                                0x20000040   Data           1  game_dino_jump.o(.data)
    frameCount                               0x20000042   Data           2  game_dino_jump.o(.data)
    obstacleX                                0x20000044   Data           2  game_dino_jump.o(.data)
    dinoY                                    0x20000048   Data           4  game_dino_jump.o(.data)
    dinoVelocity                             0x2000004c   Data           4  game_dino_jump.o(.data)
    score                                    0x20000050   Data           4  game_dino_jump.o(.data)
    .data                                    0x20000054   Section       20  game_snake.o(.data)
    rightPressCount                          0x20000054   Data           1  game_snake.o(.data)
    rightButtonPressed                       0x20000055   Data           1  game_snake.o(.data)
    rightButtonLastState                     0x20000056   Data           1  game_snake.o(.data)
    gameState                                0x20000057   Data           1  game_snake.o(.data)
    snakeLength                              0x20000058   Data           1  game_snake.o(.data)
    currentDirection                         0x20000059   Data           1  game_snake.o(.data)
    nextDirection                            0x2000005a   Data           1  game_snake.o(.data)
    foodX                                    0x2000005b   Data           1  game_snake.o(.data)
    foodY                                    0x2000005c   Data           1  game_snake.o(.data)
    frameCount                               0x2000005e   Data           2  game_snake.o(.data)
    rightPressTimeCounter                    0x20000060   Data           4  game_snake.o(.data)
    score                                    0x20000064   Data           4  game_snake.o(.data)
    .data                                    0x20000068   Section       28  game_tetris.o(.data)
    isFastFall                               0x20000068   Data           1  game_tetris.o(.data)
    pb10LastState                            0x20000069   Data           1  game_tetris.o(.data)
    pb10PressCount                           0x2000006a   Data           1  game_tetris.o(.data)
    pb10Timer                                0x2000006b   Data           1  game_tetris.o(.data)
    gameState                                0x2000006c   Data           1  game_tetris.o(.data)
    currentBlock                             0x2000006d   Data           1  game_tetris.o(.data)
    nextBlockType                            0x2000006e   Data           1  game_tetris.o(.data)
    frameCount                               0x20000070   Data           2  game_tetris.o(.data)
    currentX                                 0x20000074   Data           4  game_tetris.o(.data)
    currentY                                 0x20000078   Data           4  game_tetris.o(.data)
    currentRotation                          0x2000007c   Data           4  game_tetris.o(.data)
    score                                    0x20000080   Data           4  game_tetris.o(.data)
    .data                                    0x20000084   Section       16  game_flappybird.o(.data)
    gameState                                0x20000084   Data           1  game_flappybird.o(.data)
    birdX                                    0x20000085   Data           1  game_flappybird.o(.data)
    frameCount                               0x20000086   Data           2  game_flappybird.o(.data)
    birdY                                    0x20000088   Data           4  game_flappybird.o(.data)
    birdVelocity                             0x2000008c   Data           4  game_flappybird.o(.data)
    score                                    0x20000090   Data           4  game_flappybird.o(.data)
    .data                                    0x20000094   Section        4  timestamp.o(.data)
    g_sync_in_progress                       0x20000094   Data           1  timestamp.o(.data)
    .data                                    0x20000098   Section        8  cyz_package.o(.data)
    cyz_state                                0x20000098   Data           1  cyz_package.o(.data)
    cyz_index                                0x2000009a   Data           2  cyz_package.o(.data)
    cyz_callback                             0x2000009c   Data           4  cyz_package.o(.data)
    .data                                    0x200000a0   Section        5  dht11.o(.data)
    .data                                    0x200000a8   Section        4  rand.o(.data)
    _rand_state                              0x200000a8   Data           4  rand.o(.data)
    .bss                                     0x200000ac   Section     1024  oled.o(.bss)
    .bss                                     0x200004ac   Section       24  key_multi.o(.bss)
    .bss                                     0x200004c4   Section     2212  menu.o(.bss)
    items                                    0x200004c4   Data        2200  menu.o(.bss)
    .bss                                     0x20000d68   Section       40  statistics.o(.bss)
    .bss                                     0x20000d90   Section      256  usart1.o(.bss)
    rx_buffer                                0x20000d90   Data         256  usart1.o(.bss)
    .bss                                     0x20000e90   Section      128  game_snake.o(.bss)
    snakeX                                   0x20000e90   Data          64  game_snake.o(.bss)
    snakeY                                   0x20000ed0   Data          64  game_snake.o(.bss)
    .bss                                     0x20000f10   Section      300  game_tetris.o(.bss)
    board                                    0x20000f10   Data         300  game_tetris.o(.bss)
    .bss                                     0x2000103c   Section       12  game_flappybird.o(.bss)
    pipes                                    0x2000103c   Data          12  game_flappybird.o(.bss)
    .bss                                     0x20001048   Section       96  cyz_package.o(.bss)
    cyz_buffer                               0x20001048   Data          64  cyz_package.o(.bss)
    last_data                                0x20001088   Data          32  cyz_package.o(.bss)
    STACK                                    0x200010a8   Section     1280  startup_stm32f10x_md.o(STACK)

    Global Symbols

    Symbol Name                              Value     Ov Type        Size  Object(Section)

    BuildAttributes$$THM_ISAv4$P$D$K$B$S$PE$A:L22UL41UL21$X:L11$S22US41US21$IEEE1$IW$USESV6$~STKCKD$USESV7$~SHL$OTIME$ROPI$IEEEX$EBA8$MICROLIB$REQ8$PRES8$EABIv2 0x00000000   Number         0  anon$$obj.o ABSOLUTE
    __ARM_use_no_argv                        0x00000000   Number         0  main.o ABSOLUTE
    _printf_a                                0x00000000   Number         0  stubs.o ABSOLUTE
    _printf_c                                0x00000000   Number         0  stubs.o ABSOLUTE
    _printf_charcount                        0x00000000   Number         0  stubs.o ABSOLUTE
    _printf_d                                0x00000000   Number         0  stubs.o ABSOLUTE
    _printf_e                                0x00000000   Number         0  stubs.o ABSOLUTE
    _printf_f                                0x00000000   Number         0  stubs.o ABSOLUTE
    _printf_flags                            0x00000000   Number         0  stubs.o ABSOLUTE
    _printf_fp_dec                           0x00000000   Number         0  stubs.o ABSOLUTE
    _printf_fp_hex                           0x00000000   Number         0  stubs.o ABSOLUTE
    _printf_g                                0x00000000   Number         0  stubs.o ABSOLUTE
    _printf_i                                0x00000000   Number         0  stubs.o ABSOLUTE
    _printf_int_dec                          0x00000000   Number         0  stubs.o ABSOLUTE
    _printf_l                                0x00000000   Number         0  stubs.o ABSOLUTE
    _printf_lc                               0x00000000   Number         0  stubs.o ABSOLUTE
    _printf_ll                               0x00000000   Number         0  stubs.o ABSOLUTE
    _printf_lld                              0x00000000   Number         0  stubs.o ABSOLUTE
    _printf_lli                              0x00000000   Number         0  stubs.o ABSOLUTE
    _printf_llo                              0x00000000   Number         0  stubs.o ABSOLUTE
    _printf_llu                              0x00000000   Number         0  stubs.o ABSOLUTE
    _printf_llx                              0x00000000   Number         0  stubs.o ABSOLUTE
    _printf_longlong_dec                     0x00000000   Number         0  stubs.o ABSOLUTE
    _printf_longlong_hex                     0x00000000   Number         0  stubs.o ABSOLUTE
    _printf_longlong_oct                     0x00000000   Number         0  stubs.o ABSOLUTE
    _printf_ls                               0x00000000   Number         0  stubs.o ABSOLUTE
    _printf_mbtowc                           0x00000000   Number         0  stubs.o ABSOLUTE
    _printf_n                                0x00000000   Number         0  stubs.o ABSOLUTE
    _printf_o                                0x00000000   Number         0  stubs.o ABSOLUTE
    _printf_p                                0x00000000   Number         0  stubs.o ABSOLUTE
    _printf_percent                          0x00000000   Number         0  stubs.o ABSOLUTE
    _printf_pre_padding                      0x00000000   Number         0  stubs.o ABSOLUTE
    _printf_return_value                     0x00000000   Number         0  stubs.o ABSOLUTE
    _printf_s                                0x00000000   Number         0  stubs.o ABSOLUTE
    _printf_sizespec                         0x00000000   Number         0  stubs.o ABSOLUTE
    _printf_str                              0x00000000   Number         0  stubs.o ABSOLUTE
    _printf_truncate_signed                  0x00000000   Number         0  stubs.o ABSOLUTE
    _printf_truncate_unsigned                0x00000000   Number         0  stubs.o ABSOLUTE
    _printf_u                                0x00000000   Number         0  stubs.o ABSOLUTE
    _printf_wc                               0x00000000   Number         0  stubs.o ABSOLUTE
    _printf_wctomb                           0x00000000   Number         0  stubs.o ABSOLUTE
    _printf_widthprec                        0x00000000   Number         0  stubs.o ABSOLUTE
    _printf_x                                0x00000000   Number         0  stubs.o ABSOLUTE
    __cpp_initialize__aeabi_                  - Undefined Weak Reference
    __cxa_finalize                            - Undefined Weak Reference
    __decompress                              - Undefined Weak Reference
    _clock_init                               - Undefined Weak Reference
    _microlib_exit                            - Undefined Weak Reference
    __Vectors_Size                           0x000000ec   Number         0  startup_stm32f10x_md.o ABSOLUTE
    __Vectors                                0x08000000   Data           4  startup_stm32f10x_md.o(RESET)
    __Vectors_End                            0x080000ec   Data           0  startup_stm32f10x_md.o(RESET)
    __main                                   0x080000ed   Thumb Code     0  entry.o(.ARM.Collect$$$$00000000)
    _main_stk                                0x080000ed   Thumb Code     0  entry2.o(.ARM.Collect$$$$00000001)
    _main_scatterload                        0x080000f1   Thumb Code     0  entry5.o(.ARM.Collect$$$$00000004)
    __main_after_scatterload                 0x080000f5   Thumb Code     0  entry5.o(.ARM.Collect$$$$00000004)
    _main_clock                              0x080000f5   Thumb Code     0  entry7b.o(.ARM.Collect$$$$00000008)
    _main_cpp_init                           0x080000f5   Thumb Code     0  entry8b.o(.ARM.Collect$$$$0000000A)
    _main_init                               0x080000f5   Thumb Code     0  entry9a.o(.ARM.Collect$$$$0000000B)
    __rt_final_cpp                           0x080000fd   Thumb Code     0  entry10a.o(.ARM.Collect$$$$0000000D)
    __rt_final_exit                          0x080000fd   Thumb Code     0  entry11a.o(.ARM.Collect$$$$0000000F)
    Reset_Handler                            0x08000101   Thumb Code     8  startup_stm32f10x_md.o(.text)
    ADC1_2_IRQHandler                        0x0800011b   Thumb Code     0  startup_stm32f10x_md.o(.text)
    CAN1_RX1_IRQHandler                      0x0800011b   Thumb Code     0  startup_stm32f10x_md.o(.text)
    CAN1_SCE_IRQHandler                      0x0800011b   Thumb Code     0  startup_stm32f10x_md.o(.text)
    DMA1_Channel1_IRQHandler                 0x0800011b   Thumb Code     0  startup_stm32f10x_md.o(.text)
    DMA1_Channel2_IRQHandler                 0x0800011b   Thumb Code     0  startup_stm32f10x_md.o(.text)
    DMA1_Channel3_IRQHandler                 0x0800011b   Thumb Code     0  startup_stm32f10x_md.o(.text)
    DMA1_Channel4_IRQHandler                 0x0800011b   Thumb Code     0  startup_stm32f10x_md.o(.text)
    DMA1_Channel5_IRQHandler                 0x0800011b   Thumb Code     0  startup_stm32f10x_md.o(.text)
    DMA1_Channel6_IRQHandler                 0x0800011b   Thumb Code     0  startup_stm32f10x_md.o(.text)
    DMA1_Channel7_IRQHandler                 0x0800011b   Thumb Code     0  startup_stm32f10x_md.o(.text)
    EXTI15_10_IRQHandler                     0x0800011b   Thumb Code     0  startup_stm32f10x_md.o(.text)
    EXTI1_IRQHandler                         0x0800011b   Thumb Code     0  startup_stm32f10x_md.o(.text)
    EXTI2_IRQHandler                         0x0800011b   Thumb Code     0  startup_stm32f10x_md.o(.text)
    EXTI3_IRQHandler                         0x0800011b   Thumb Code     0  startup_stm32f10x_md.o(.text)
    EXTI4_IRQHandler                         0x0800011b   Thumb Code     0  startup_stm32f10x_md.o(.text)
    EXTI9_5_IRQHandler                       0x0800011b   Thumb Code     0  startup_stm32f10x_md.o(.text)
    FLASH_IRQHandler                         0x0800011b   Thumb Code     0  startup_stm32f10x_md.o(.text)
    I2C1_ER_IRQHandler                       0x0800011b   Thumb Code     0  startup_stm32f10x_md.o(.text)
    I2C1_EV_IRQHandler                       0x0800011b   Thumb Code     0  startup_stm32f10x_md.o(.text)
    I2C2_ER_IRQHandler                       0x0800011b   Thumb Code     0  startup_stm32f10x_md.o(.text)
    I2C2_EV_IRQHandler                       0x0800011b   Thumb Code     0  startup_stm32f10x_md.o(.text)
    PVD_IRQHandler                           0x0800011b   Thumb Code     0  startup_stm32f10x_md.o(.text)
    RCC_IRQHandler                           0x0800011b   Thumb Code     0  startup_stm32f10x_md.o(.text)
    RTCAlarm_IRQHandler                      0x0800011b   Thumb Code     0  startup_stm32f10x_md.o(.text)
    RTC_IRQHandler                           0x0800011b   Thumb Code     0  startup_stm32f10x_md.o(.text)
    SPI1_IRQHandler                          0x0800011b   Thumb Code     0  startup_stm32f10x_md.o(.text)
    SPI2_IRQHandler                          0x0800011b   Thumb Code     0  startup_stm32f10x_md.o(.text)
    TAMPER_IRQHandler                        0x0800011b   Thumb Code     0  startup_stm32f10x_md.o(.text)
    TIM1_BRK_IRQHandler                      0x0800011b   Thumb Code     0  startup_stm32f10x_md.o(.text)
    TIM1_CC_IRQHandler                       0x0800011b   Thumb Code     0  startup_stm32f10x_md.o(.text)
    TIM1_TRG_COM_IRQHandler                  0x0800011b   Thumb Code     0  startup_stm32f10x_md.o(.text)
    TIM1_UP_IRQHandler                       0x0800011b   Thumb Code     0  startup_stm32f10x_md.o(.text)
    TIM4_IRQHandler                          0x0800011b   Thumb Code     0  startup_stm32f10x_md.o(.text)
    USART2_IRQHandler                        0x0800011b   Thumb Code     0  startup_stm32f10x_md.o(.text)
    USART3_IRQHandler                        0x0800011b   Thumb Code     0  startup_stm32f10x_md.o(.text)
    USBWakeUp_IRQHandler                     0x0800011b   Thumb Code     0  startup_stm32f10x_md.o(.text)
    USB_HP_CAN1_TX_IRQHandler                0x0800011b   Thumb Code     0  startup_stm32f10x_md.o(.text)
    USB_LP_CAN1_RX0_IRQHandler               0x0800011b   Thumb Code     0  startup_stm32f10x_md.o(.text)
    WWDG_IRQHandler                          0x0800011b   Thumb Code     0  startup_stm32f10x_md.o(.text)
    rand                                     0x08000125   Thumb Code    20  rand.o(.text)
    srand                                    0x08000139   Thumb Code     6  rand.o(.text)
    __aeabi_memcpy                           0x08000149   Thumb Code    36  memcpya.o(.text)
    __aeabi_memcpy4                          0x08000149   Thumb Code     0  memcpya.o(.text)
    __aeabi_memcpy8                          0x08000149   Thumb Code     0  memcpya.o(.text)
    __aeabi_memset                           0x0800016d   Thumb Code    14  memseta.o(.text)
    __aeabi_memset4                          0x0800016d   Thumb Code     0  memseta.o(.text)
    __aeabi_memset8                          0x0800016d   Thumb Code     0  memseta.o(.text)
    __aeabi_memclr                           0x0800017b   Thumb Code     4  memseta.o(.text)
    __aeabi_memclr4                          0x0800017b   Thumb Code     0  memseta.o(.text)
    __aeabi_memclr8                          0x0800017b   Thumb Code     0  memseta.o(.text)
    _memset$wrapper                          0x0800017f   Thumb Code    18  memseta.o(.text)
    strcat                                   0x08000191   Thumb Code    24  strcat.o(.text)
    strstr                                   0x080001a9   Thumb Code    36  strstr.o(.text)
    strncpy                                  0x080001cd   Thumb Code    24  strncpy.o(.text)
    strlen                                   0x080001e5   Thumb Code    14  strlen.o(.text)
    strcmp                                   0x080001f3   Thumb Code    28  strcmp.o(.text)
    strncmp                                  0x0800020f   Thumb Code    30  strncmp.o(.text)
    __aeabi_fadd                             0x0800022d   Thumb Code   164  fadd.o(.text)
    __aeabi_fsub                             0x080002d1   Thumb Code     6  fadd.o(.text)
    __aeabi_frsub                            0x080002d7   Thumb Code     6  fadd.o(.text)
    __aeabi_fmul                             0x080002dd   Thumb Code   100  fmul.o(.text)
    __aeabi_fdiv                             0x08000341   Thumb Code   124  fdiv.o(.text)
    __aeabi_dadd                             0x080003bd   Thumb Code   322  dadd.o(.text)
    __aeabi_dsub                             0x080004ff   Thumb Code     6  dadd.o(.text)
    __aeabi_drsub                            0x08000505   Thumb Code     6  dadd.o(.text)
    __aeabi_dmul                             0x0800050b   Thumb Code   228  dmul.o(.text)
    __aeabi_ddiv                             0x080005ef   Thumb Code   222  ddiv.o(.text)
    __aeabi_ui2f                             0x080006cd   Thumb Code    10  ffltui.o(.text)
    __aeabi_ui2d                             0x080006d7   Thumb Code    26  dfltui.o(.text)
    __aeabi_f2iz                             0x080006f1   Thumb Code    50  ffixi.o(.text)
    __aeabi_d2uiz                            0x08000723   Thumb Code    50  dfixui.o(.text)
    __aeabi_f2d                              0x08000755   Thumb Code    38  f2d.o(.text)
    __aeabi_cdcmpeq                          0x0800077d   Thumb Code     0  cdcmple.o(.text)
    __aeabi_cdcmple                          0x0800077d   Thumb Code    48  cdcmple.o(.text)
    __aeabi_cdrcmple                         0x080007ad   Thumb Code    48  cdrcmple.o(.text)
    __aeabi_cfrcmple                         0x080007dd   Thumb Code    20  cfrcmple.o(.text)
    __aeabi_uidiv                            0x080007f1   Thumb Code     0  uidiv.o(.text)
    __aeabi_uidivmod                         0x080007f1   Thumb Code    44  uidiv.o(.text)
    __aeabi_uldivmod                         0x0800081d   Thumb Code    98  uldiv.o(.text)
    __aeabi_llsl                             0x0800087f   Thumb Code    30  llshl.o(.text)
    _ll_shift_l                              0x0800087f   Thumb Code     0  llshl.o(.text)
    __aeabi_llsr                             0x0800089d   Thumb Code    32  llushr.o(.text)
    _ll_ushift_r                             0x0800089d   Thumb Code     0  llushr.o(.text)
    __aeabi_lasr                             0x080008bd   Thumb Code    36  llsshr.o(.text)
    _ll_sshift_r                             0x080008bd   Thumb Code     0  llsshr.o(.text)
    __I$use$fp                               0x080008e1   Thumb Code     0  iusefp.o(.text)
    _float_round                             0x080008e1   Thumb Code    18  fepilogue.o(.text)
    _float_epilogue                          0x080008f3   Thumb Code    92  fepilogue.o(.text)
    _double_round                            0x0800094f   Thumb Code    30  depilogue.o(.text)
    _double_epilogue                         0x0800096d   Thumb Code   156  depilogue.o(.text)
    _drnd                                    0x08000a09   Thumb Code   132  drnd.o(.text)
    __aeabi_d2ulz                            0x08000a91   Thumb Code    48  dfixul.o(.text)
    __scatterload                            0x08000ac1   Thumb Code    28  init.o(.text)
    __scatterload_rt2                        0x08000ac1   Thumb Code     0  init.o(.text)
    ADC1_Init                                0x08000ae5   Thumb Code   132  adc.o(i.ADC1_Init)
    ADC_Cmd                                  0x08000b71   Thumb Code    20  stm32f10x_adc.o(i.ADC_Cmd)
    ADC_GetCalibrationStatus                 0x08000b85   Thumb Code    14  stm32f10x_adc.o(i.ADC_GetCalibrationStatus)
    ADC_GetConversionValue                   0x08000b93   Thumb Code     6  stm32f10x_adc.o(i.ADC_GetConversionValue)
    ADC_GetResetCalibrationStatus            0x08000b99   Thumb Code    14  stm32f10x_adc.o(i.ADC_GetResetCalibrationStatus)
    ADC_Init                                 0x08000ba9   Thumb Code    62  stm32f10x_adc.o(i.ADC_Init)
    ADC_RegularChannelConfig                 0x08000bf1   Thumb Code   116  stm32f10x_adc.o(i.ADC_RegularChannelConfig)
    ADC_ResetCalibration                     0x08000c65   Thumb Code    10  stm32f10x_adc.o(i.ADC_ResetCalibration)
    ADC_SoftwareStartConvCmd                 0x08000c6f   Thumb Code    20  stm32f10x_adc.o(i.ADC_SoftwareStartConvCmd)
    ADC_StartCalibration                     0x08000c83   Thumb Code    10  stm32f10x_adc.o(i.ADC_StartCalibration)
    BusFault_Handler                         0x08000c8d   Thumb Code     2  stm32f10x_it.o(i.BusFault_Handler)
    Buzzer_Beep                              0x08000c8f   Thumb Code    52  buzzer.o(i.Buzzer_Beep)
    Buzzer_Init                              0x08000cc5   Thumb Code    44  buzzer.o(i.Buzzer_Init)
    Buzzer_Off                               0x08000cf5   Thumb Code    12  buzzer.o(i.Buzzer_Off)
    Buzzer_On                                0x08000d05   Thumb Code    10  buzzer.o(i.Buzzer_On)
    CYZ_Receiver_Init                        0x08000d15   Thumb Code    40  cyz_package.o(i.CYZ_Receiver_Init)
    CYZ_Receiver_Process                     0x08000d45   Thumb Code   212  cyz_package.o(i.CYZ_Receiver_Process)
    CYZ_Receiver_Reset                       0x08000e51   Thumb Code    32  cyz_package.o(i.CYZ_Receiver_Reset)
    CYZ_Receiver_SetCallback                 0x08000e79   Thumb Code     6  cyz_package.o(i.CYZ_Receiver_SetCallback)
    CYZ_VerifyFormat                         0x08000e85   Thumb Code   142  cyz_package.o(i.CYZ_VerifyFormat)
    DHT11_Init                               0x080011ad   Thumb Code    48  dht11.o(i.DHT11_Init)
    DHT11_Read_Data                          0x080011e1   Thumb Code   330  dht11.o(i.DHT11_Read_Data)
    DebugMon_Handler                         0x08001365   Thumb Code     2  stm32f10x_it.o(i.DebugMon_Handler)
    Delay_Check                              0x08001369   Thumb Code    30  delay.o(i.Delay_Check)
    Delay_Init                               0x0800138d   Thumb Code   112  delay.o(i.Delay_Init)
    Delay_Now                                0x080013fd   Thumb Code     6  delay.o(i.Delay_Now)
    Delay_Reset                              0x08001409   Thumb Code    12  delay.o(i.Delay_Reset)
    Delay_Start                              0x08001419   Thumb Code    14  delay.o(i.Delay_Start)
    Delay_ms                                 0x0800142d   Thumb Code    14  delay.o(i.Delay_ms)
    Delay_us                                 0x08001441   Thumb Code    50  delay.o(i.Delay_us)
    ESP8266Cmd_ClearCount                    0x08001475   Thumb Code    38  esp8266cmd.o(i.ESP8266Cmd_ClearCount)
    ESP8266Cmd_PauseCount                    0x080014a9   Thumb Code    38  esp8266cmd.o(i.ESP8266Cmd_PauseCount)
    ESP8266Cmd_Process                       0x080014dd   Thumb Code   130  esp8266cmd.o(i.ESP8266Cmd_Process)
    ESP8266Cmd_SetLED                        0x080015b1   Thumb Code    64  esp8266cmd.o(i.ESP8266Cmd_SetLED)
    ESP8266Cmd_StartCount                    0x08001605   Thumb Code    38  esp8266cmd.o(i.ESP8266Cmd_StartCount)
    ESP8266Cmd_UploadData                    0x08001639   Thumb Code    38  esp8266cmd.o(i.ESP8266Cmd_UploadData)
    ESP8266_SendCommand                      0x08001675   Thumb Code    16  esp8266.o(i.ESP8266_SendCommand)
    ESP8266_SendFloatKeyValue                0x08001689   Thumb Code    50  esp8266.o(i.ESP8266_SendFloatKeyValue)
    ESP8266_SendIntKeyValue                  0x080016c9   Thumb Code    28  esp8266.o(i.ESP8266_SendIntKeyValue)
    ESP8266_UploadDataPoints                 0x080016f1   Thumb Code   108  esp8266.o(i.ESP8266_UploadDataPoints)
    EXTI0_IRQHandler                         0x0800178d   Thumb Code    80  sensor.o(i.EXTI0_IRQHandler)
    EXTI_ClearITPendingBit                   0x080017e9   Thumb Code     6  stm32f10x_exti.o(i.EXTI_ClearITPendingBit)
    EXTI_GetITStatus                         0x080017f5   Thumb Code    28  stm32f10x_exti.o(i.EXTI_GetITStatus)
    EXTI_Init                                0x08001815   Thumb Code   108  stm32f10x_exti.o(i.EXTI_Init)
    Flappy_Init                              0x08001885   Thumb Code   116  game_flappybird.o(i.Flappy_Init)
    Flappy_Jump                              0x0800191d   Thumb Code    30  game_flappybird.o(i.Flappy_Jump)
    Flappy_Start                             0x08001945   Thumb Code   102  game_flappybird.o(i.Flappy_Start)
    Flappy_Update                            0x080019b9   Thumb Code   280  game_flappybird.o(i.Flappy_Update)
    Func_ADC_Test                            0x08001b11   Thumb Code    22  menufunctions.o(i.Func_ADC_Test)
    Func_About                               0x08001b29   Thumb Code    84  menufunctions.o(i.Func_About)
    Func_Dinosaur_jump_Game                  0x08001bb1   Thumb Code    14  menufunctions.o(i.Func_Dinosaur_jump_Game)
    Func_FlappyBird_Game                     0x08001bbf   Thumb Code    14  menufunctions.o(i.Func_FlappyBird_Game)
    Func_LEDControl                          0x08001bcd   Thumb Code    18  menu_creat.o(i.Func_LEDControl)
    Func_LastResult                          0x08001be9   Thumb Code   258  menufunctions.o(i.Func_LastResult)
    Func_LiveCounting                        0x08001d51   Thumb Code    72  menufunctions.o(i.Func_LiveCounting)
    Func_Read_Temp                           0x08001d9d   Thumb Code   218  menufunctions.o(i.Func_Read_Temp)
    Func_ResetCounters                       0x08001ec5   Thumb Code    74  menufunctions.o(i.Func_ResetCounters)
    Func_SensorCalibration                   0x08001f31   Thumb Code   136  menufunctions.o(i.Func_SensorCalibration)
    Func_SetTime                             0x08001ff5   Thumb Code   286  menufunctions.o(i.Func_SetTime)
    Func_Snake_Game                          0x0800216d   Thumb Code    14  menufunctions.o(i.Func_Snake_Game)
    Func_Tetris_Game                         0x0800217b   Thumb Code    14  menufunctions.o(i.Func_Tetris_Game)
    Func_ThresholdSettings                   0x08002189   Thumb Code   632  menufunctions.o(i.Func_ThresholdSettings)
    Func_Updata_Esp8266                      0x080024fd   Thumb Code   156  menufunctions.o(i.Func_Updata_Esp8266)
    Func_ViewHistory                         0x080025dd   Thumb Code    78  menufunctions.o(i.Func_ViewHistory)
    GPIO_Config_Pin                          0x08002759   Thumb Code    76  gpio_config.o(i.GPIO_Config_Pin)
    GPIO_EXTILineConfig                      0x080027b1   Thumb Code    34  stm32f10x_gpio.o(i.GPIO_EXTILineConfig)
    GPIO_Init                                0x080027d9   Thumb Code   162  stm32f10x_gpio.o(i.GPIO_Init)
    GPIO_PinRemapConfig                      0x0800287d   Thumb Code    82  stm32f10x_gpio.o(i.GPIO_PinRemapConfig)
    GPIO_ReadInputDataBit                    0x080028d5   Thumb Code    14  stm32f10x_gpio.o(i.GPIO_ReadInputDataBit)
    GPIO_ResetBits                           0x080028e3   Thumb Code     4  stm32f10x_gpio.o(i.GPIO_ResetBits)
    GPIO_SetBits                             0x080028e7   Thumb Code     4  stm32f10x_gpio.o(i.GPIO_SetBits)
    GPIO_Unused_Init                         0x080028ed   Thumb Code    42  gpio_config.o(i.GPIO_Unused_Init)
    GPIO_WriteBit                            0x0800291d   Thumb Code    10  stm32f10x_gpio.o(i.GPIO_WriteBit)
    Game_Init                                0x08002929   Thumb Code    46  game_dino_jump.o(i.Game_Init)
    Game_Jump                                0x08002971   Thumb Code    40  game_dino_jump.o(i.Game_Jump)
    Game_Start                               0x0800299d   Thumb Code    46  game_dino_jump.o(i.Game_Start)
    Game_Start_t                             0x080029d1   Thumb Code    38  game_dino_jump.o(i.Game_Start_t)
    Game_Stop                                0x08002a01   Thumb Code    38  game_dino_jump.o(i.Game_Stop)
    Game_Update                              0x08002a35   Thumb Code   284  game_dino_jump.o(i.Game_Update)
    HardFault_Handler                        0x08002bdd   Thumb Code     2  stm32f10x_it.o(i.HardFault_Handler)
    Key_Get_Press_Event                      0x08002c71   Thumb Code    20  key_multi.o(i.Key_Get_Press_Event)
    Key_Get_Repeat_Event                     0x08002c8d   Thumb Code    20  key_multi.o(i.Key_Get_Repeat_Event)
    Key_Init                                 0x08002cc1   Thumb Code    66  key_multi.o(i.Key_Init)
    Key_Status_Process                       0x08002d0d   Thumb Code   228  key_multi.o(i.Key_Status_Process)
    LiveCounting_Display                     0x08002e45   Thumb Code   224  menufunctions.o(i.LiveCounting_Display)
    MX_GPIO_Init                             0x08002f79   Thumb Code    28  main.o(i.MX_GPIO_Init)
    MemManage_Handler                        0x08002f99   Thumb Code     2  stm32f10x_it.o(i.MemManage_Handler)
    Menu_AddItem                             0x08002f9b   Thumb Code    40  menu.o(i.Menu_AddItem)
    Menu_Back                                0x08002fc5   Thumb Code    34  menu.o(i.Menu_Back)
    Menu_BuildFromTable                      0x08002fed   Thumb Code   188  menu.o(i.Menu_BuildFromTable)
    Menu_CreateItem                          0x080030a9   Thumb Code    74  menu.o(i.Menu_CreateItem)
    Menu_Display                             0x080030fd   Thumb Code   230  menu.o(i.Menu_Display)
    Menu_DisplayStatusBar                    0x08003215   Thumb Code    88  menu.o(i.Menu_DisplayStatusBar)
    Menu_DisplayTime                         0x0800327d   Thumb Code    44  menu.o(i.Menu_DisplayTime)
    Menu_Enter                               0x080032bd   Thumb Code    74  menu.o(i.Menu_Enter)
    Menu_Init                                0x0800332d   Thumb Code    18  menu.o(i.Menu_Init)
    Menu_MoveDown                            0x08003345   Thumb Code    46  menu.o(i.Menu_MoveDown)
    Menu_MoveUp                              0x08003379   Thumb Code    42  menu.o(i.Menu_MoveUp)
    Menu_Process                             0x080033a9   Thumb Code    88  menu.o(i.Menu_Process)
    Menu_Refresh                             0x08003401   Thumb Code    10  menu.o(i.Menu_Refresh)
    Menu_SetValue                            0x08003411   Thumb Code    12  menu.o(i.Menu_SetValue)
    Menu_Setup                               0x0800341d   Thumb Code    36  menu_creat.o(i.Menu_Setup)
    NMI_Handler                              0x0800351d   Thumb Code     2  stm32f10x_it.o(i.NMI_Handler)
    NVIC_Init                                0x08003521   Thumb Code    94  misc.o(i.NVIC_Init)
    NVIC_PriorityGroupConfig                 0x08003585   Thumb Code    10  misc.o(i.NVIC_PriorityGroupConfig)
    OLED_Clear                               0x080035d1   Thumb Code    34  oled.o(i.OLED_Clear)
    OLED_ClearArea                           0x080035f9   Thumb Code    86  oled.o(i.OLED_ClearArea)
    OLED_DrawLine                            0x08003655   Thumb Code   234  oled.o(i.OLED_DrawLine)
    OLED_DrawPoint                           0x08003741   Thumb Code    48  oled.o(i.OLED_DrawPoint)
    OLED_DrawRectangle                       0x08003775   Thumb Code   116  oled.o(i.OLED_DrawRectangle)
    OLED_GPIO_Init                           0x080037e9   Thumb Code    88  oled.o(i.OLED_GPIO_Init)
    OLED_I2C_SendByte                        0x08003845   Thumb Code    58  oled.o(i.OLED_I2C_SendByte)
    OLED_I2C_Start                           0x0800387f   Thumb Code    30  oled.o(i.OLED_I2C_Start)
    OLED_I2C_Stop                            0x0800389d   Thumb Code    24  oled.o(i.OLED_I2C_Stop)
    OLED_Init                                0x080038b5   Thumb Code   156  oled.o(i.OLED_Init)
    OLED_Pow                                 0x08003951   Thumb Code    14  oled.o(i.OLED_Pow)
    OLED_Printf                              0x0800395f   Thumb Code    42  oled.o(i.OLED_Printf)
    OLED_SetCursor                           0x08003989   Thumb Code    34  oled.o(i.OLED_SetCursor)
    OLED_ShowChar                            0x080039ad   Thumb Code    52  oled.o(i.OLED_ShowChar)
    OLED_ShowFloatNum                        0x080039e9   Thumb Code   190  oled.o(i.OLED_ShowFloatNum)
    OLED_ShowImage                           0x08003aa9   Thumb Code   182  oled.o(i.OLED_ShowImage)
    OLED_ShowNum                             0x08003b65   Thumb Code    70  oled.o(i.OLED_ShowNum)
    OLED_ShowString                          0x08003bab   Thumb Code    44  oled.o(i.OLED_ShowString)
    OLED_Update                              0x08003bd9   Thumb Code    34  oled.o(i.OLED_Update)
    OLED_W_SCL                               0x08003c01   Thumb Code    12  oled.o(i.OLED_W_SCL)
    OLED_W_SDA                               0x08003c11   Thumb Code    12  oled.o(i.OLED_W_SDA)
    OLED_WriteCommand                        0x08003c21   Thumb Code    34  oled.o(i.OLED_WriteCommand)
    OLED_WriteData                           0x08003c43   Thumb Code    48  oled.o(i.OLED_WriteData)
    Parse_Timestamp                          0x08003c75   Thumb Code   162  timestamp.o(i.Parse_Timestamp)
    PendSV_Handler                           0x08003d65   Thumb Code     2  stm32f10x_it.o(i.PendSV_Handler)
    RCC_APB1PeriphClockCmd                   0x08003df5   Thumb Code    18  stm32f10x_rcc.o(i.RCC_APB1PeriphClockCmd)
    RCC_APB2PeriphClockCmd                   0x08003e0d   Thumb Code    18  stm32f10x_rcc.o(i.RCC_APB2PeriphClockCmd)
    RCC_GetClocksFreq                        0x08003e25   Thumb Code   128  stm32f10x_rcc.o(i.RCC_GetClocksFreq)
    SVC_Handler                              0x08003eb5   Thumb Code     2  stm32f10x_it.o(i.SVC_Handler)
    Sensor_GetChipDetectState                0x08003eb9   Thumb Code     8  sensor.o(i.Sensor_GetChipDetectState)
    Sensor_GetIndexHoleState                 0x08003ec5   Thumb Code     8  sensor.o(i.Sensor_GetIndexHoleState)
    Sensor_Init                              0x08003ed1   Thumb Code   110  sensor.o(i.Sensor_Init)
    Snake_ChangeDirection                    0x08003fed   Thumb Code    62  game_snake.o(i.Snake_ChangeDirection)
    Snake_Init                               0x08004031   Thumb Code   128  game_snake.o(i.Snake_Init)
    Snake_Start                              0x080040d5   Thumb Code   136  game_snake.o(i.Snake_Start)
    Snake_Stop                               0x08004169   Thumb Code    20  game_snake.o(i.Snake_Stop)
    Snake_Update                             0x08004181   Thumb Code   164  game_snake.o(i.Snake_Update)
    Statistics_CalculateYield                0x08004245   Thumb Code    40  statistics.o(i.Statistics_CalculateYield)
    Statistics_GetData                       0x08004275   Thumb Code     4  statistics.o(i.Statistics_GetData)
    Statistics_Init                          0x0800427d   Thumb Code     4  statistics.o(i.Statistics_Init)
    Statistics_OnExtraChipDetected           0x08004281   Thumb Code   140  menufunctions.o(i.Statistics_OnExtraChipDetected)
    Statistics_Pause                         0x08004345   Thumb Code    10  statistics.o(i.Statistics_Pause)
    Statistics_ProcessChip                   0x08004355   Thumb Code   166  statistics.o(i.Statistics_ProcessChip)
    Statistics_Reset                         0x08004405   Thumb Code    38  statistics.o(i.Statistics_Reset)
    Statistics_Resume                        0x08004435   Thumb Code    10  statistics.o(i.Statistics_Resume)
    SysTick_Handler                          0x08004445   Thumb Code     2  stm32f10x_it.o(i.SysTick_Handler)
    SystemInit                               0x08004449   Thumb Code    64  system_stm32f10x.o(i.SystemInit)
    TIM2_IRQHandler                          0x08004499   Thumb Code    38  delay.o(i.TIM2_IRQHandler)
    TIM3_Config                              0x080044c5   Thumb Code    90  game_dino_jump.o(i.TIM3_Config)
    TIM3_IRQHandler                          0x08004525   Thumb Code    34  game_dino_jump.o(i.TIM3_IRQHandler)
    TIM_ClearITPendingBit                    0x0800454d   Thumb Code     6  stm32f10x_tim.o(i.TIM_ClearITPendingBit)
    TIM_Cmd                                  0x08004553   Thumb Code    20  stm32f10x_tim.o(i.TIM_Cmd)
    TIM_GetITStatus                          0x08004567   Thumb Code    24  stm32f10x_tim.o(i.TIM_GetITStatus)
    TIM_ITConfig                             0x0800457f   Thumb Code    16  stm32f10x_tim.o(i.TIM_ITConfig)
    TIM_TimeBaseInit                         0x08004591   Thumb Code   114  stm32f10x_tim.o(i.TIM_TimeBaseInit)
    Tetris_Accelerate                        0x0800462d   Thumb Code    38  game_tetris.o(i.Tetris_Accelerate)
    Tetris_Init                              0x08004659   Thumb Code   106  game_tetris.o(i.Tetris_Init)
    Tetris_MoveLeft                          0x080046e9   Thumb Code    50  game_tetris.o(i.Tetris_MoveLeft)
    Tetris_MoveRight                         0x08004721   Thumb Code    50  game_tetris.o(i.Tetris_MoveRight)
    Tetris_Rotate                            0x08004759   Thumb Code    50  game_tetris.o(i.Tetris_Rotate)
    Tetris_Start                             0x08004791   Thumb Code   146  game_tetris.o(i.Tetris_Start)
    Tetris_Stop                              0x08004831   Thumb Code    22  game_tetris.o(i.Tetris_Stop)
    Tetris_Update                            0x0800484d   Thumb Code   504  game_tetris.o(i.Tetris_Update)
    Time_SyncFromNetwork                     0x08004aa5   Thumb Code    86  timestamp.o(i.Time_SyncFromNetwork)
    Time_Update                              0x08004b0d   Thumb Code    48  timestamp.o(i.Time_Update)
    TimestampToTime                          0x08004b41   Thumb Code   102  timestamp.o(i.TimestampToTime)
    USART1_ClearRxBuffer                     0x08004be9   Thumb Code     6  usart1.o(i.USART1_ClearRxBuffer)
    USART1_EnableRxBuffer                    0x08004bf5   Thumb Code     8  usart1.o(i.USART1_EnableRxBuffer)
    USART1_IRQHandler                        0x08004c01   Thumb Code   104  usart1.o(i.USART1_IRQHandler)
    USART1_Init                              0x08004c71   Thumb Code   192  usart1.o(i.USART1_Init)
    USART1_Printf                            0x08004d3d   Thumb Code    44  usart1.o(i.USART1_Printf)
    USART1_ReceiveByte                       0x08004d69   Thumb Code    32  usart1.o(i.USART1_ReceiveByte)
    USART1_ReceiveLine                       0x08004d8d   Thumb Code     8  usart1.o(i.USART1_ReceiveLine)
    USART1_ReceiveUntil                      0x08004d95   Thumb Code   108  usart1.o(i.USART1_ReceiveUntil)
    USART1_SendArrayTimeout                  0x08004e05   Thumb Code   108  usart1.o(i.USART1_SendArrayTimeout)
    USART1_SendString                        0x08004e75   Thumb Code     8  usart1.o(i.USART1_SendString)
    USART1_SendStringTimeout                 0x08004e7d   Thumb Code    38  usart1.o(i.USART1_SendStringTimeout)
    USART_ClearITPendingBit                  0x08004ea3   Thumb Code    12  stm32f10x_usart.o(i.USART_ClearITPendingBit)
    USART_Cmd                                0x08004eaf   Thumb Code    20  stm32f10x_usart.o(i.USART_Cmd)
    USART_GetFlagStatus                      0x08004ec3   Thumb Code    14  stm32f10x_usart.o(i.USART_GetFlagStatus)
    USART_GetITStatus                        0x08004ed1   Thumb Code    62  stm32f10x_usart.o(i.USART_GetITStatus)
    USART_ITConfig                           0x08004f0f   Thumb Code    48  stm32f10x_usart.o(i.USART_ITConfig)
    USART_Init                               0x08004f41   Thumb Code   166  stm32f10x_usart.o(i.USART_Init)
    USART_ReceiveData                        0x08004fed   Thumb Code     8  stm32f10x_usart.o(i.USART_ReceiveData)
    USART_SendData                           0x08004ff5   Thumb Code     8  stm32f10x_usart.o(i.USART_SendData)
    UsageFault_Handler                       0x08005075   Thumb Code     2  stm32f10x_it.o(i.UsageFault_Handler)
    __0snprintf                              0x08005079   Thumb Code    44  printfa.o(i.__0snprintf)
    __1snprintf                              0x08005079   Thumb Code     0  printfa.o(i.__0snprintf)
    __2snprintf                              0x08005079   Thumb Code     0  printfa.o(i.__0snprintf)
    __c89snprintf                            0x08005079   Thumb Code     0  printfa.o(i.__0snprintf)
    snprintf                                 0x08005079   Thumb Code     0  printfa.o(i.__0snprintf)
    __0sprintf                               0x080050a9   Thumb Code    34  printfa.o(i.__0sprintf)
    __1sprintf                               0x080050a9   Thumb Code     0  printfa.o(i.__0sprintf)
    __2sprintf                               0x080050a9   Thumb Code     0  printfa.o(i.__0sprintf)
    __c89sprintf                             0x080050a9   Thumb Code     0  printfa.o(i.__0sprintf)
    sprintf                                  0x080050a9   Thumb Code     0  printfa.o(i.__0sprintf)
    __0vsnprintf                             0x080050d1   Thumb Code    40  printfa.o(i.__0vsnprintf)
    __1vsnprintf                             0x080050d1   Thumb Code     0  printfa.o(i.__0vsnprintf)
    __2vsnprintf                             0x080050d1   Thumb Code     0  printfa.o(i.__0vsnprintf)
    __c89vsnprintf                           0x080050d1   Thumb Code     0  printfa.o(i.__0vsnprintf)
    vsnprintf                                0x080050d1   Thumb Code     0  printfa.o(i.__0vsnprintf)
    __0vsprintf                              0x080050fd   Thumb Code    30  printfa.o(i.__0vsprintf)
    __1vsprintf                              0x080050fd   Thumb Code     0  printfa.o(i.__0vsprintf)
    __2vsprintf                              0x080050fd   Thumb Code     0  printfa.o(i.__0vsprintf)
    __c89vsprintf                            0x080050fd   Thumb Code     0  printfa.o(i.__0vsprintf)
    vsprintf                                 0x080050fd   Thumb Code     0  printfa.o(i.__0vsprintf)
    __scatterload_copy                       0x08005121   Thumb Code    14  handlers.o(i.__scatterload_copy)
    __scatterload_null                       0x0800512f   Thumb Code     2  handlers.o(i.__scatterload_null)
    __scatterload_zeroinit                   0x08005131   Thumb Code    14  handlers.o(i.__scatterload_zeroinit)
    cyz_data_handler                         0x08005a13   Thumb Code    14  cyz_package.o(i.cyz_data_handler)
    main                                     0x08005a21   Thumb Code   154  main.o(i.main)
    round                                    0x08005ac1   Thumb Code   136  round.o(i.round)
    show_adc_display                         0x08005b55   Thumb Code   362  adc.o(i.show_adc_display)
    OLED_F8x16                               0x08005d28   Data        1520  oled_data.o(.constdata)
    OLED_F6x8                                0x08006318   Data         570  oled_data.o(.constdata)
    Region$$Table$$Base                      0x08006a08   Number         0  anon$$obj.o(Region$$Table)
    Region$$Table$$Limit                     0x08006a28   Number         0  anon$$obj.o(Region$$Table)
    Key_action_t                             0x20000018   Data           1  key_multi.o(.data)
    Key_status_t                             0x20000019   Data           1  key_multi.o(.data)
    exti0_trigger_count                      0x2000001c   Data           4  sensor.o(.data)
    g_front_chip_threshold                   0x20000020   Data           1  statistics.o(.data)
    g_middle_loss_max                        0x20000021   Data           1  statistics.o(.data)
    g_trail_empty_threshold                  0x20000022   Data           1  statistics.o(.data)
    inited                                   0x2000003e   Data           1  game_dino_jump.o(.data)
    g_current_time                           0x20000095   Data           3  timestamp.o(.data)
    DHT11_Data                               0x200000a0   Data           5  dht11.o(.data)
    OLED_DisplayBuf                          0x200000ac   Data        1024  oled.o(.bss)
    Key_struct_t                             0x200004ac   Data          24  key_multi.o(.bss)
    MenuCtrl                                 0x20000d5c   Data          12  menu.o(.bss)
    g_statistics                             0x20000d68   Data          40  statistics.o(.bss)
    __initial_sp                             0x200015a8   Data           0  startup_stm32f10x_md.o(STACK)



==============================================================================

Memory Map of the image

  Image Entry point : 0x080000ed

  Load Region LR_IROM1 (Base: 0x08000000, Size: 0x00006ad4, Max: 0x00010000, ABSOLUTE)

    Execution Region ER_IROM1 (Exec base: 0x08000000, Load base: 0x08000000, Size: 0x00006a28, Max: 0x00010000, ABSOLUTE)

    Exec Addr    Load Addr    Size         Type   Attr      Idx    E Section Name        Object

    0x08000000   0x08000000   0x000000ec   Data   RO          127    RESET               startup_stm32f10x_md.o
    0x080000ec   0x080000ec   0x00000000   Code   RO         4970  * .ARM.Collect$$$$00000000  mc_w.l(entry.o)
    0x080000ec   0x080000ec   0x00000004   Code   RO         5316    .ARM.Collect$$$$00000001  mc_w.l(entry2.o)
    0x080000f0   0x080000f0   0x00000004   Code   RO         5319    .ARM.Collect$$$$00000004  mc_w.l(entry5.o)
    0x080000f4   0x080000f4   0x00000000   Code   RO         5321    .ARM.Collect$$$$00000008  mc_w.l(entry7b.o)
    0x080000f4   0x080000f4   0x00000000   Code   RO         5323    .ARM.Collect$$$$0000000A  mc_w.l(entry8b.o)
    0x080000f4   0x080000f4   0x00000008   Code   RO         5324    .ARM.Collect$$$$0000000B  mc_w.l(entry9a.o)
    0x080000fc   0x080000fc   0x00000000   Code   RO         5326    .ARM.Collect$$$$0000000D  mc_w.l(entry10a.o)
    0x080000fc   0x080000fc   0x00000000   Code   RO         5328    .ARM.Collect$$$$0000000F  mc_w.l(entry11a.o)
    0x080000fc   0x080000fc   0x00000004   Code   RO         5317    .ARM.Collect$$$$00002712  mc_w.l(entry2.o)
    0x08000100   0x08000100   0x00000024   Code   RO          128    .text               startup_stm32f10x_md.o
    0x08000124   0x08000124   0x00000024   Code   RO         4973    .text               mc_w.l(rand.o)
    0x08000148   0x08000148   0x00000024   Code   RO         4976    .text               mc_w.l(memcpya.o)
    0x0800016c   0x0800016c   0x00000024   Code   RO         4978    .text               mc_w.l(memseta.o)
    0x08000190   0x08000190   0x00000018   Code   RO         4980    .text               mc_w.l(strcat.o)
    0x080001a8   0x080001a8   0x00000024   Code   RO         4982    .text               mc_w.l(strstr.o)
    0x080001cc   0x080001cc   0x00000018   Code   RO         4984    .text               mc_w.l(strncpy.o)
    0x080001e4   0x080001e4   0x0000000e   Code   RO         4986    .text               mc_w.l(strlen.o)
    0x080001f2   0x080001f2   0x0000001c   Code   RO         4988    .text               mc_w.l(strcmp.o)
    0x0800020e   0x0800020e   0x0000001e   Code   RO         4990    .text               mc_w.l(strncmp.o)
    0x0800022c   0x0800022c   0x000000b0   Code   RO         5255    .text               mf_w.l(fadd.o)
    0x080002dc   0x080002dc   0x00000064   Code   RO         5257    .text               mf_w.l(fmul.o)
    0x08000340   0x08000340   0x0000007c   Code   RO         5259    .text               mf_w.l(fdiv.o)
    0x080003bc   0x080003bc   0x0000014e   Code   RO         5261    .text               mf_w.l(dadd.o)
    0x0800050a   0x0800050a   0x000000e4   Code   RO         5263    .text               mf_w.l(dmul.o)
    0x080005ee   0x080005ee   0x000000de   Code   RO         5265    .text               mf_w.l(ddiv.o)
    0x080006cc   0x080006cc   0x0000000a   Code   RO         5269    .text               mf_w.l(ffltui.o)
    0x080006d6   0x080006d6   0x0000001a   Code   RO         5273    .text               mf_w.l(dfltui.o)
    0x080006f0   0x080006f0   0x00000032   Code   RO         5275    .text               mf_w.l(ffixi.o)
    0x08000722   0x08000722   0x00000032   Code   RO         5279    .text               mf_w.l(dfixui.o)
    0x08000754   0x08000754   0x00000026   Code   RO         5281    .text               mf_w.l(f2d.o)
    0x0800077a   0x0800077a   0x00000002   PAD
    0x0800077c   0x0800077c   0x00000030   Code   RO         5283    .text               mf_w.l(cdcmple.o)
    0x080007ac   0x080007ac   0x00000030   Code   RO         5285    .text               mf_w.l(cdrcmple.o)
    0x080007dc   0x080007dc   0x00000014   Code   RO         5289    .text               mf_w.l(cfrcmple.o)
    0x080007f0   0x080007f0   0x0000002c   Code   RO         5333    .text               mc_w.l(uidiv.o)
    0x0800081c   0x0800081c   0x00000062   Code   RO         5335    .text               mc_w.l(uldiv.o)
    0x0800087e   0x0800087e   0x0000001e   Code   RO         5337    .text               mc_w.l(llshl.o)
    0x0800089c   0x0800089c   0x00000020   Code   RO         5339    .text               mc_w.l(llushr.o)
    0x080008bc   0x080008bc   0x00000024   Code   RO         5341    .text               mc_w.l(llsshr.o)
    0x080008e0   0x080008e0   0x00000000   Code   RO         5350    .text               mc_w.l(iusefp.o)
    0x080008e0   0x080008e0   0x0000006e   Code   RO         5351    .text               mf_w.l(fepilogue.o)
    0x0800094e   0x0800094e   0x000000ba   Code   RO         5353    .text               mf_w.l(depilogue.o)
    0x08000a08   0x08000a08   0x00000088   Code   RO         5355    .text               mf_w.l(drnd.o)
    0x08000a90   0x08000a90   0x00000030   Code   RO         5357    .text               mf_w.l(dfixul.o)
    0x08000ac0   0x08000ac0   0x00000024   Code   RO         5363    .text               mc_w.l(init.o)
    0x08000ae4   0x08000ae4   0x0000008c   Code   RO         4803    i.ADC1_Init         adc.o
    0x08000b70   0x08000b70   0x00000014   Code   RO          298    i.ADC_Cmd           stm32f10x_adc.o
    0x08000b84   0x08000b84   0x0000000e   Code   RO          306    i.ADC_GetCalibrationStatus  stm32f10x_adc.o
    0x08000b92   0x08000b92   0x00000006   Code   RO          307    i.ADC_GetConversionValue  stm32f10x_adc.o
    0x08000b98   0x08000b98   0x0000000e   Code   RO          312    i.ADC_GetResetCalibrationStatus  stm32f10x_adc.o
    0x08000ba6   0x08000ba6   0x00000002   PAD
    0x08000ba8   0x08000ba8   0x00000048   Code   RO          316    i.ADC_Init          stm32f10x_adc.o
    0x08000bf0   0x08000bf0   0x00000074   Code   RO          320    i.ADC_RegularChannelConfig  stm32f10x_adc.o
    0x08000c64   0x08000c64   0x0000000a   Code   RO          321    i.ADC_ResetCalibration  stm32f10x_adc.o
    0x08000c6e   0x08000c6e   0x00000014   Code   RO          323    i.ADC_SoftwareStartConvCmd  stm32f10x_adc.o
    0x08000c82   0x08000c82   0x0000000a   Code   RO          325    i.ADC_StartCalibration  stm32f10x_adc.o
    0x08000c8c   0x08000c8c   0x00000002   Code   RO         3205    i.BusFault_Handler  stm32f10x_it.o
    0x08000c8e   0x08000c8e   0x00000034   Code   RO         4012    i.Buzzer_Beep       buzzer.o
    0x08000cc2   0x08000cc2   0x00000002   PAD
    0x08000cc4   0x08000cc4   0x00000030   Code   RO         4013    i.Buzzer_Init       buzzer.o
    0x08000cf4   0x08000cf4   0x00000010   Code   RO         4014    i.Buzzer_Off        buzzer.o
    0x08000d04   0x08000d04   0x00000010   Code   RO         4015    i.Buzzer_On         buzzer.o
    0x08000d14   0x08000d14   0x00000030   Code   RO         4826    i.CYZ_Receiver_Init  cyz_package.o
    0x08000d44   0x08000d44   0x0000010c   Code   RO         4827    i.CYZ_Receiver_Process  cyz_package.o
    0x08000e50   0x08000e50   0x00000028   Code   RO         4828    i.CYZ_Receiver_Reset  cyz_package.o
    0x08000e78   0x08000e78   0x0000000c   Code   RO         4829    i.CYZ_Receiver_SetCallback  cyz_package.o
    0x08000e84   0x08000e84   0x00000178   Code   RO         4830    i.CYZ_VerifyFormat  cyz_package.o
    0x08000ffc   0x08000ffc   0x00000058   Code   RO         4383    i.CheckLines        game_tetris.o
    0x08001054   0x08001054   0x0000007c   Code   RO         4384    i.CheckPB10DoubleClick  game_tetris.o
    0x080010d0   0x080010d0   0x00000068   Code   RO         4481    i.CheckPipeCollision  game_flappybird.o
    0x08001138   0x08001138   0x00000074   Code   RO         4314    i.CheckRightButtonDoubleClick  game_snake.o
    0x080011ac   0x080011ac   0x00000034   Code   RO         4881    i.DHT11_Init        dht11.o
    0x080011e0   0x080011e0   0x00000168   Code   RO         4882    i.DHT11_Read_Data   dht11.o
    0x08001348   0x08001348   0x0000000c   Code   RO         4883    i.DHT11_Read_Pin    dht11.o
    0x08001354   0x08001354   0x00000010   Code   RO         4884    i.DHT11_pinSet      dht11.o
    0x08001364   0x08001364   0x00000002   Code   RO         3206    i.DebugMon_Handler  stm32f10x_it.o
    0x08001366   0x08001366   0x00000002   PAD
    0x08001368   0x08001368   0x00000024   Code   RO         3268    i.Delay_Check       delay.o
    0x0800138c   0x0800138c   0x00000070   Code   RO         3269    i.Delay_Init        delay.o
    0x080013fc   0x080013fc   0x0000000c   Code   RO         3270    i.Delay_Now         delay.o
    0x08001408   0x08001408   0x00000010   Code   RO         3271    i.Delay_Reset       delay.o
    0x08001418   0x08001418   0x00000014   Code   RO         3272    i.Delay_Start       delay.o
    0x0800142c   0x0800142c   0x00000014   Code   RO         3273    i.Delay_ms          delay.o
    0x08001440   0x08001440   0x00000032   Code   RO         3274    i.Delay_us          delay.o
    0x08001472   0x08001472   0x00000002   PAD
    0x08001474   0x08001474   0x00000034   Code   RO         4713    i.ESP8266Cmd_ClearCount  esp8266cmd.o
    0x080014a8   0x080014a8   0x00000034   Code   RO         4715    i.ESP8266Cmd_PauseCount  esp8266cmd.o
    0x080014dc   0x080014dc   0x000000d4   Code   RO         4716    i.ESP8266Cmd_Process  esp8266cmd.o
    0x080015b0   0x080015b0   0x00000054   Code   RO         4717    i.ESP8266Cmd_SetLED  esp8266cmd.o
    0x08001604   0x08001604   0x00000034   Code   RO         4718    i.ESP8266Cmd_StartCount  esp8266cmd.o
    0x08001638   0x08001638   0x0000003c   Code   RO         4719    i.ESP8266Cmd_UploadData  esp8266cmd.o
    0x08001674   0x08001674   0x00000014   Code   RO         4566    i.ESP8266_SendCommand  esp8266.o
    0x08001688   0x08001688   0x00000040   Code   RO         4567    i.ESP8266_SendFloatKeyValue  esp8266.o
    0x080016c8   0x080016c8   0x00000028   Code   RO         4568    i.ESP8266_SendIntKeyValue  esp8266.o
    0x080016f0   0x080016f0   0x0000009c   Code   RO         4569    i.ESP8266_UploadDataPoints  esp8266.o
    0x0800178c   0x0800178c   0x0000005c   Code   RO         3902    i.EXTI0_IRQHandler  sensor.o
    0x080017e8   0x080017e8   0x0000000c   Code   RO         1054    i.EXTI_ClearITPendingBit  stm32f10x_exti.o
    0x080017f4   0x080017f4   0x00000020   Code   RO         1058    i.EXTI_GetITStatus  stm32f10x_exti.o
    0x08001814   0x08001814   0x00000070   Code   RO         1059    i.EXTI_Init         stm32f10x_exti.o
    0x08001884   0x08001884   0x00000098   Code   RO         4484    i.Flappy_Init       game_flappybird.o
    0x0800191c   0x0800191c   0x00000028   Code   RO         4485    i.Flappy_Jump       game_flappybird.o
    0x08001944   0x08001944   0x00000074   Code   RO         4486    i.Flappy_Start      game_flappybird.o
    0x080019b8   0x080019b8   0x00000158   Code   RO         4488    i.Flappy_Update     game_flappybird.o
    0x08001b10   0x08001b10   0x00000016   Code   RO         3761    i.Func_ADC_Test     menufunctions.o
    0x08001b26   0x08001b26   0x00000002   PAD
    0x08001b28   0x08001b28   0x00000088   Code   RO         3762    i.Func_About        menufunctions.o
    0x08001bb0   0x08001bb0   0x0000000e   Code   RO         3763    i.Func_Dinosaur_jump_Game  menufunctions.o
    0x08001bbe   0x08001bbe   0x0000000e   Code   RO         3764    i.Func_FlappyBird_Game  menufunctions.o
    0x08001bcc   0x08001bcc   0x0000001c   Code   RO         3880    i.Func_LEDControl   menu_creat.o
    0x08001be8   0x08001be8   0x00000168   Code   RO         3765    i.Func_LastResult   menufunctions.o
    0x08001d50   0x08001d50   0x0000004c   Code   RO         3766    i.Func_LiveCounting  menufunctions.o
    0x08001d9c   0x08001d9c   0x00000128   Code   RO         3767    i.Func_Read_Temp    menufunctions.o
    0x08001ec4   0x08001ec4   0x0000006c   Code   RO         3768    i.Func_ResetCounters  menufunctions.o
    0x08001f30   0x08001f30   0x000000c4   Code   RO         3769    i.Func_SensorCalibration  menufunctions.o
    0x08001ff4   0x08001ff4   0x00000178   Code   RO         3770    i.Func_SetTime      menufunctions.o
    0x0800216c   0x0800216c   0x0000000e   Code   RO         3771    i.Func_Snake_Game   menufunctions.o
    0x0800217a   0x0800217a   0x0000000e   Code   RO         3772    i.Func_Tetris_Game  menufunctions.o
    0x08002188   0x08002188   0x00000374   Code   RO         3773    i.Func_ThresholdSettings  menufunctions.o
    0x080024fc   0x080024fc   0x000000e0   Code   RO         3774    i.Func_Updata_Esp8266  menufunctions.o
    0x080025dc   0x080025dc   0x00000074   Code   RO         3775    i.Func_ViewHistory  menufunctions.o
    0x08002650   0x08002650   0x00000094   Code   RO         4915    i.GPIOA_Unused_Init  gpio_config.o
    0x080026e4   0x080026e4   0x00000074   Code   RO         4916    i.GPIOB_Unused_Init  gpio_config.o
    0x08002758   0x08002758   0x00000058   Code   RO         4917    i.GPIO_Config_Pin   gpio_config.o
    0x080027b0   0x080027b0   0x00000028   Code   RO         1402    i.GPIO_EXTILineConfig  stm32f10x_gpio.o
    0x080027d8   0x080027d8   0x000000a2   Code   RO         1405    i.GPIO_Init         stm32f10x_gpio.o
    0x0800287a   0x0800287a   0x00000002   PAD
    0x0800287c   0x0800287c   0x00000058   Code   RO         1407    i.GPIO_PinRemapConfig  stm32f10x_gpio.o
    0x080028d4   0x080028d4   0x0000000e   Code   RO         1409    i.GPIO_ReadInputDataBit  stm32f10x_gpio.o
    0x080028e2   0x080028e2   0x00000004   Code   RO         1412    i.GPIO_ResetBits    stm32f10x_gpio.o
    0x080028e6   0x080028e6   0x00000004   Code   RO         1413    i.GPIO_SetBits      stm32f10x_gpio.o
    0x080028ea   0x080028ea   0x00000002   PAD
    0x080028ec   0x080028ec   0x00000030   Code   RO         4920    i.GPIO_Unused_Init  gpio_config.o
    0x0800291c   0x0800291c   0x0000000a   Code   RO         1416    i.GPIO_WriteBit     stm32f10x_gpio.o
    0x08002926   0x08002926   0x00000002   PAD
    0x08002928   0x08002928   0x00000048   Code   RO         4248    i.Game_Init         game_dino_jump.o
    0x08002970   0x08002970   0x0000002c   Code   RO         4249    i.Game_Jump         game_dino_jump.o
    0x0800299c   0x0800299c   0x00000034   Code   RO         4250    i.Game_Start        game_dino_jump.o
    0x080029d0   0x080029d0   0x00000030   Code   RO         4251    i.Game_Start_t      game_dino_jump.o
    0x08002a00   0x08002a00   0x00000034   Code   RO         4252    i.Game_Stop         game_dino_jump.o
    0x08002a34   0x08002a34   0x0000014c   Code   RO         4253    i.Game_Update       game_dino_jump.o
    0x08002b80   0x08002b80   0x0000005c   Code   RO         4315    i.GenerateFood      game_snake.o
    0x08002bdc   0x08002bdc   0x00000002   Code   RO         3207    i.HardFault_Handler  stm32f10x_it.o
    0x08002bde   0x08002bde   0x00000002   PAD
    0x08002be0   0x08002be0   0x00000090   Code   RO         4385    i.IsValidPosition   game_tetris.o
    0x08002c70   0x08002c70   0x0000001c   Code   RO         3572    i.Key_Get_Press_Event  key_multi.o
    0x08002c8c   0x08002c8c   0x0000001c   Code   RO         3574    i.Key_Get_Repeat_Event  key_multi.o
    0x08002ca8   0x08002ca8   0x00000018   Code   RO         3576    i.Key_Get_Time_Elapsed  key_multi.o
    0x08002cc0   0x08002cc0   0x0000004c   Code   RO         3577    i.Key_Init          key_multi.o
    0x08002d0c   0x08002d0c   0x000000ec   Code   RO         3578    i.Key_Status_Process  key_multi.o
    0x08002df8   0x08002df8   0x0000004c   Code   RO         3579    i.Key_read_GND      key_multi.o
    0x08002e44   0x08002e44   0x00000134   Code   RO         3776    i.LiveCounting_Display  menufunctions.o
    0x08002f78   0x08002f78   0x00000020   Code   RO          132    i.MX_GPIO_Init      main.o
    0x08002f98   0x08002f98   0x00000002   Code   RO         3208    i.MemManage_Handler  stm32f10x_it.o
    0x08002f9a   0x08002f9a   0x00000028   Code   RO         3646    i.Menu_AddItem      menu.o
    0x08002fc2   0x08002fc2   0x00000002   PAD
    0x08002fc4   0x08002fc4   0x00000028   Code   RO         3647    i.Menu_Back         menu.o
    0x08002fec   0x08002fec   0x000000bc   Code   RO         3648    i.Menu_BuildFromTable  menu.o
    0x080030a8   0x080030a8   0x00000054   Code   RO         3649    i.Menu_CreateItem   menu.o
    0x080030fc   0x080030fc   0x00000118   Code   RO         3650    i.Menu_Display      menu.o
    0x08003214   0x08003214   0x00000068   Code   RO         3651    i.Menu_DisplayStatusBar  menu.o
    0x0800327c   0x0800327c   0x00000040   Code   RO         3652    i.Menu_DisplayTime  menu.o
    0x080032bc   0x080032bc   0x00000050   Code   RO         3653    i.Menu_Enter        menu.o
    0x0800330c   0x0800330c   0x00000020   Code   RO         3654    i.Menu_GetItemIndex  menu.o
    0x0800332c   0x0800332c   0x00000018   Code   RO         3655    i.Menu_Init         menu.o
    0x08003344   0x08003344   0x00000034   Code   RO         3656    i.Menu_MoveDown     menu.o
    0x08003378   0x08003378   0x00000030   Code   RO         3657    i.Menu_MoveUp       menu.o
    0x080033a8   0x080033a8   0x00000058   Code   RO         3658    i.Menu_Process      menu.o
    0x08003400   0x08003400   0x00000010   Code   RO         3659    i.Menu_Refresh      menu.o
    0x08003410   0x08003410   0x0000000c   Code   RO         3662    i.Menu_SetValue     menu.o
    0x0800341c   0x0800341c   0x00000028   Code   RO         3881    i.Menu_Setup        menu_creat.o
    0x08003444   0x08003444   0x000000d8   Code   RO         4316    i.MoveSnake         game_snake.o
    0x0800351c   0x0800351c   0x00000002   Code   RO         3209    i.NMI_Handler       stm32f10x_it.o
    0x0800351e   0x0800351e   0x00000002   PAD
    0x08003520   0x08003520   0x00000064   Code   RO          256    i.NVIC_Init         misc.o
    0x08003584   0x08003584   0x00000014   Code   RO          257    i.NVIC_PriorityGroupConfig  misc.o
    0x08003598   0x08003598   0x00000038   Code   RO         4386    i.NewBlock          game_tetris.o
    0x080035d0   0x080035d0   0x00000028   Code   RO         3324    i.OLED_Clear        oled.o
    0x080035f8   0x080035f8   0x0000005c   Code   RO         3325    i.OLED_ClearArea    oled.o
    0x08003654   0x08003654   0x000000ea   Code   RO         3329    i.OLED_DrawLine     oled.o
    0x0800373e   0x0800373e   0x00000002   PAD
    0x08003740   0x08003740   0x00000034   Code   RO         3330    i.OLED_DrawPoint    oled.o
    0x08003774   0x08003774   0x00000074   Code   RO         3331    i.OLED_DrawRectangle  oled.o
    0x080037e8   0x080037e8   0x0000005c   Code   RO         3333    i.OLED_GPIO_Init    oled.o
    0x08003844   0x08003844   0x0000003a   Code   RO         3335    i.OLED_I2C_SendByte  oled.o
    0x0800387e   0x0800387e   0x0000001e   Code   RO         3336    i.OLED_I2C_Start    oled.o
    0x0800389c   0x0800389c   0x00000018   Code   RO         3337    i.OLED_I2C_Stop     oled.o
    0x080038b4   0x080038b4   0x0000009c   Code   RO         3338    i.OLED_Init         oled.o
    0x08003950   0x08003950   0x0000000e   Code   RO         3340    i.OLED_Pow          oled.o
    0x0800395e   0x0800395e   0x0000002a   Code   RO         3341    i.OLED_Printf       oled.o
    0x08003988   0x08003988   0x00000022   Code   RO         3344    i.OLED_SetCursor    oled.o
    0x080039aa   0x080039aa   0x00000002   PAD
    0x080039ac   0x080039ac   0x0000003c   Code   RO         3346    i.OLED_ShowChar     oled.o
    0x080039e8   0x080039e8   0x000000be   Code   RO         3348    i.OLED_ShowFloatNum  oled.o
    0x08003aa6   0x08003aa6   0x00000002   PAD
    0x08003aa8   0x08003aa8   0x000000bc   Code   RO         3350    i.OLED_ShowImage    oled.o
    0x08003b64   0x08003b64   0x00000046   Code   RO         3351    i.OLED_ShowNum      oled.o
    0x08003baa   0x08003baa   0x0000002c   Code   RO         3353    i.OLED_ShowString   oled.o
    0x08003bd6   0x08003bd6   0x00000002   PAD
    0x08003bd8   0x08003bd8   0x00000028   Code   RO         3354    i.OLED_Update       oled.o
    0x08003c00   0x08003c00   0x00000010   Code   RO         3356    i.OLED_W_SCL        oled.o
    0x08003c10   0x08003c10   0x00000010   Code   RO         3357    i.OLED_W_SDA        oled.o
    0x08003c20   0x08003c20   0x00000022   Code   RO         3358    i.OLED_WriteCommand  oled.o
    0x08003c42   0x08003c42   0x00000030   Code   RO         3359    i.OLED_WriteData    oled.o
    0x08003c72   0x08003c72   0x00000002   PAD
    0x08003c74   0x08003c74   0x000000f0   Code   RO         4759    i.Parse_Timestamp   timestamp.o
    0x08003d64   0x08003d64   0x00000002   Code   RO         3210    i.PendSV_Handler    stm32f10x_it.o
    0x08003d66   0x08003d66   0x00000002   PAD
    0x08003d68   0x08003d68   0x0000008c   Code   RO         4387    i.PlaceBlock        game_tetris.o
    0x08003df4   0x08003df4   0x00000018   Code   RO         1821    i.RCC_APB1PeriphClockCmd  stm32f10x_rcc.o
    0x08003e0c   0x08003e0c   0x00000018   Code   RO         1823    i.RCC_APB2PeriphClockCmd  stm32f10x_rcc.o
    0x08003e24   0x08003e24   0x00000090   Code   RO         1831    i.RCC_GetClocksFreq  stm32f10x_rcc.o
    0x08003eb4   0x08003eb4   0x00000002   Code   RO         3211    i.SVC_Handler       stm32f10x_it.o
    0x08003eb6   0x08003eb6   0x00000002   PAD
    0x08003eb8   0x08003eb8   0x0000000c   Code   RO         3904    i.Sensor_GetChipDetectState  sensor.o
    0x08003ec4   0x08003ec4   0x0000000c   Code   RO         3905    i.Sensor_GetIndexHoleState  sensor.o
    0x08003ed0   0x08003ed0   0x00000074   Code   RO         3906    i.Sensor_Init       sensor.o
    0x08003f44   0x08003f44   0x000000a8   Code   RO            1    i.SetSysClockTo72   system_stm32f10x.o
    0x08003fec   0x08003fec   0x00000044   Code   RO         4317    i.Snake_ChangeDirection  game_snake.o
    0x08004030   0x08004030   0x000000a4   Code   RO         4320    i.Snake_Init        game_snake.o
    0x080040d4   0x080040d4   0x00000094   Code   RO         4321    i.Snake_Start       game_snake.o
    0x08004168   0x08004168   0x00000018   Code   RO         4322    i.Snake_Stop        game_snake.o
    0x08004180   0x08004180   0x000000c4   Code   RO         4323    i.Snake_Update      game_snake.o
    0x08004244   0x08004244   0x00000030   Code   RO         3944    i.Statistics_CalculateYield  statistics.o
    0x08004274   0x08004274   0x00000008   Code   RO         3946    i.Statistics_GetData  statistics.o
    0x0800427c   0x0800427c   0x00000004   Code   RO         3947    i.Statistics_Init   statistics.o
    0x08004280   0x08004280   0x000000c4   Code   RO         3777    i.Statistics_OnExtraChipDetected  menufunctions.o
    0x08004344   0x08004344   0x00000010   Code   RO         3949    i.Statistics_Pause  statistics.o
    0x08004354   0x08004354   0x000000b0   Code   RO         3950    i.Statistics_ProcessChip  statistics.o
    0x08004404   0x08004404   0x00000030   Code   RO         3951    i.Statistics_Reset  statistics.o
    0x08004434   0x08004434   0x00000010   Code   RO         3952    i.Statistics_Resume  statistics.o
    0x08004444   0x08004444   0x00000002   Code   RO         3212    i.SysTick_Handler   stm32f10x_it.o
    0x08004446   0x08004446   0x00000002   PAD
    0x08004448   0x08004448   0x00000050   Code   RO            3    i.SystemInit        system_stm32f10x.o
    0x08004498   0x08004498   0x0000002c   Code   RO         3275    i.TIM2_IRQHandler   delay.o
    0x080044c4   0x080044c4   0x00000060   Code   RO         4254    i.TIM3_Config       game_dino_jump.o
    0x08004524   0x08004524   0x00000028   Code   RO         4255    i.TIM3_IRQHandler   game_dino_jump.o
    0x0800454c   0x0800454c   0x00000006   Code   RO         2447    i.TIM_ClearITPendingBit  stm32f10x_tim.o
    0x08004552   0x08004552   0x00000014   Code   RO         2452    i.TIM_Cmd           stm32f10x_tim.o
    0x08004566   0x08004566   0x00000018   Code   RO         2473    i.TIM_GetITStatus   stm32f10x_tim.o
    0x0800457e   0x0800457e   0x00000010   Code   RO         2477    i.TIM_ITConfig      stm32f10x_tim.o
    0x0800458e   0x0800458e   0x00000002   PAD
    0x08004590   0x08004590   0x0000009c   Code   RO         2523    i.TIM_TimeBaseInit  stm32f10x_tim.o
    0x0800462c   0x0800462c   0x0000002c   Code   RO         4388    i.Tetris_Accelerate  game_tetris.o
    0x08004658   0x08004658   0x00000090   Code   RO         4391    i.Tetris_Init       game_tetris.o
    0x080046e8   0x080046e8   0x00000038   Code   RO         4392    i.Tetris_MoveLeft   game_tetris.o
    0x08004720   0x08004720   0x00000038   Code   RO         4393    i.Tetris_MoveRight  game_tetris.o
    0x08004758   0x08004758   0x00000038   Code   RO         4394    i.Tetris_Rotate     game_tetris.o
    0x08004790   0x08004790   0x000000a0   Code   RO         4395    i.Tetris_Start      game_tetris.o
    0x08004830   0x08004830   0x0000001c   Code   RO         4396    i.Tetris_Stop       game_tetris.o
    0x0800484c   0x0800484c   0x00000258   Code   RO         4397    i.Tetris_Update     game_tetris.o
    0x08004aa4   0x08004aa4   0x00000068   Code   RO         4760    i.Time_SyncFromNetwork  timestamp.o
    0x08004b0c   0x08004b0c   0x00000034   Code   RO         4761    i.Time_Update       timestamp.o
    0x08004b40   0x08004b40   0x0000006c   Code   RO         4762    i.TimestampToTime   timestamp.o
    0x08004bac   0x08004bac   0x0000000c   Code   RO         4042    i.USART1_BufferClear  usart1.o
    0x08004bb8   0x08004bb8   0x0000002e   Code   RO         4043    i.USART1_BufferRead  usart1.o
    0x08004be6   0x08004be6   0x00000002   PAD
    0x08004be8   0x08004be8   0x0000000c   Code   RO         4044    i.USART1_ClearRxBuffer  usart1.o
    0x08004bf4   0x08004bf4   0x0000000c   Code   RO         4050    i.USART1_EnableRxBuffer  usart1.o
    0x08004c00   0x08004c00   0x00000070   Code   RO         4054    i.USART1_IRQHandler  usart1.o
    0x08004c70   0x08004c70   0x000000cc   Code   RO         4055    i.USART1_Init       usart1.o
    0x08004d3c   0x08004d3c   0x0000002c   Code   RO         4059    i.USART1_Printf     usart1.o
    0x08004d68   0x08004d68   0x00000024   Code   RO         4061    i.USART1_ReceiveByte  usart1.o
    0x08004d8c   0x08004d8c   0x00000008   Code   RO         4062    i.USART1_ReceiveLine  usart1.o
    0x08004d94   0x08004d94   0x00000070   Code   RO         4063    i.USART1_ReceiveUntil  usart1.o
    0x08004e04   0x08004e04   0x00000070   Code   RO         4065    i.USART1_SendArrayTimeout  usart1.o
    0x08004e74   0x08004e74   0x00000008   Code   RO         4070    i.USART1_SendString  usart1.o
    0x08004e7c   0x08004e7c   0x00000026   Code   RO         4071    i.USART1_SendStringTimeout  usart1.o
    0x08004ea2   0x08004ea2   0x0000000c   Code   RO         2972    i.USART_ClearITPendingBit  stm32f10x_usart.o
    0x08004eae   0x08004eae   0x00000014   Code   RO         2975    i.USART_Cmd         stm32f10x_usart.o
    0x08004ec2   0x08004ec2   0x0000000e   Code   RO         2978    i.USART_GetFlagStatus  stm32f10x_usart.o
    0x08004ed0   0x08004ed0   0x0000003e   Code   RO         2979    i.USART_GetITStatus  stm32f10x_usart.o
    0x08004f0e   0x08004f0e   0x00000030   Code   RO         2981    i.USART_ITConfig    stm32f10x_usart.o
    0x08004f3e   0x08004f3e   0x00000002   PAD
    0x08004f40   0x08004f40   0x000000ac   Code   RO         2982    i.USART_Init        stm32f10x_usart.o
    0x08004fec   0x08004fec   0x00000008   Code   RO         2989    i.USART_ReceiveData  stm32f10x_usart.o
    0x08004ff4   0x08004ff4   0x00000008   Code   RO         2992    i.USART_SendData    stm32f10x_usart.o
    0x08004ffc   0x08004ffc   0x00000078   Code   RO         4489    i.UpdatePipes       game_flappybird.o
    0x08005074   0x08005074   0x00000002   Code   RO         3213    i.UsageFault_Handler  stm32f10x_it.o
    0x08005076   0x08005076   0x00000002   PAD
    0x08005078   0x08005078   0x00000030   Code   RO         5228    i.__0snprintf       mc_w.l(printfa.o)
    0x080050a8   0x080050a8   0x00000028   Code   RO         5229    i.__0sprintf        mc_w.l(printfa.o)
    0x080050d0   0x080050d0   0x0000002c   Code   RO         5232    i.__0vsnprintf      mc_w.l(printfa.o)
    0x080050fc   0x080050fc   0x00000024   Code   RO         5233    i.__0vsprintf       mc_w.l(printfa.o)
    0x08005120   0x08005120   0x0000000e   Code   RO         5371    i.__scatterload_copy  mc_w.l(handlers.o)
    0x0800512e   0x0800512e   0x00000002   Code   RO         5372    i.__scatterload_null  mc_w.l(handlers.o)
    0x08005130   0x08005130   0x0000000e   Code   RO         5373    i.__scatterload_zeroinit  mc_w.l(handlers.o)
    0x0800513e   0x0800513e   0x00000002   PAD
    0x08005140   0x08005140   0x00000184   Code   RO         5234    i._fp_digits        mc_w.l(printfa.o)
    0x080052c4   0x080052c4   0x000006dc   Code   RO         5235    i._printf_core      mc_w.l(printfa.o)
    0x080059a0   0x080059a0   0x00000024   Code   RO         5236    i._printf_post_padding  mc_w.l(printfa.o)
    0x080059c4   0x080059c4   0x0000002e   Code   RO         5237    i._printf_pre_padding  mc_w.l(printfa.o)
    0x080059f2   0x080059f2   0x00000016   Code   RO         5238    i._snputc           mc_w.l(printfa.o)
    0x08005a08   0x08005a08   0x0000000a   Code   RO         5239    i._sputc            mc_w.l(printfa.o)
    0x08005a12   0x08005a12   0x0000000e   Code   RO         4831    i.cyz_data_handler  cyz_package.o
    0x08005a20   0x08005a20   0x000000a0   Code   RO          134    i.main              main.o
    0x08005ac0   0x08005ac0   0x00000094   Code   RO         4968    i.round             m_ws.l(round.o)
    0x08005b54   0x08005b54   0x000001d4   Code   RO         4804    i.show_adc_display  adc.o
    0x08005d28   0x08005d28   0x000005f0   Data   RO         3553    .constdata          oled_data.o
    0x08006318   0x08006318   0x0000023a   Data   RO         3554    .constdata          oled_data.o
    0x08006552   0x08006552   0x00000002   PAD
    0x08006554   0x08006554   0x0000004c   Data   RO         3779    .constdata          menufunctions.o
    0x080065a0   0x080065a0   0x00000230   Data   RO         3882    .constdata          menu_creat.o
    0x080067d0   0x080067d0   0x0000008a   Data   RO         4256    .constdata          game_dino_jump.o
    0x0800685a   0x0800685a   0x00000070   Data   RO         4399    .constdata          game_tetris.o
    0x080068ca   0x080068ca   0x00000008   Data   RO         4491    .constdata          game_flappybird.o
    0x080068d2   0x080068d2   0x00000002   PAD
    0x080068d4   0x080068d4   0x00000010   Data   RO         4764    .constdata          timestamp.o
    0x080068e4   0x080068e4   0x00000016   Data   RO         3780    .conststring        menufunctions.o
    0x080068fa   0x080068fa   0x00000002   PAD
    0x080068fc   0x080068fc   0x000000e8   Data   RO         3883    .conststring        menu_creat.o
    0x080069e4   0x080069e4   0x00000023   Data   RO         4765    .conststring        timestamp.o
    0x08006a07   0x08006a07   0x00000001   PAD
    0x08006a08   0x08006a08   0x00000020   Data   RO         5369    Region$$Table       anon$$obj.o


    Execution Region RW_IRAM1 (Exec base: 0x20000000, Load base: 0x08006a28, Size: 0x000015a8, Max: 0x00005000, ABSOLUTE)

    Exec Addr    Load Addr    Size         Type   Attr      Idx    E Section Name        Object

    0x20000000   0x08006a28   0x00000014   Data   RW         1851    .data               stm32f10x_rcc.o
    0x20000014   0x08006a3c   0x00000004   Data   RW         3276    .data               delay.o
    0x20000018   0x08006a40   0x00000002   Data   RW         3581    .data               key_multi.o
    0x2000001a   0x08006a42   0x00000001   Data   RW         3664    .data               menu.o
    0x2000001b   0x08006a43   0x00000001   Data   RW         3884    .data               menu_creat.o
    0x2000001c   0x08006a44   0x00000004   Data   RW         3907    .data               sensor.o
    0x20000020   0x08006a48   0x00000002   Data   RW         3954    .data               statistics.o
    0x20000022   0x08006a4a   0x00000001   Data   RW         3955    .data               statistics.o
    0x20000023   0x08006a4b   0x00000001   PAD
    0x20000024   0x08006a4c   0x00000018   Data   RW         4074    .data               usart1.o
    0x2000003c   0x08006a64   0x00000018   Data   RW         4257    .data               game_dino_jump.o
    0x20000054   0x08006a7c   0x00000014   Data   RW         4325    .data               game_snake.o
    0x20000068   0x08006a90   0x0000001c   Data   RW         4400    .data               game_tetris.o
    0x20000084   0x08006aac   0x00000010   Data   RW         4492    .data               game_flappybird.o
    0x20000094   0x08006abc   0x00000004   Data   RW         4766    .data               timestamp.o
    0x20000098   0x08006ac0   0x00000008   Data   RW         4833    .data               cyz_package.o
    0x200000a0   0x08006ac8   0x00000005   Data   RW         4885    .data               dht11.o
    0x200000a5   0x08006acd   0x00000003   PAD
    0x200000a8   0x08006ad0   0x00000004   Data   RW         4974    .data               mc_w.l(rand.o)
    0x200000ac        -       0x00000400   Zero   RW         3361    .bss                oled.o
    0x200004ac        -       0x00000018   Zero   RW         3580    .bss                key_multi.o
    0x200004c4        -       0x000008a4   Zero   RW         3663    .bss                menu.o
    0x20000d68        -       0x00000028   Zero   RW         3953    .bss                statistics.o
    0x20000d90        -       0x00000100   Zero   RW         4073    .bss                usart1.o
    0x20000e90        -       0x00000080   Zero   RW         4324    .bss                game_snake.o
    0x20000f10        -       0x0000012c   Zero   RW         4398    .bss                game_tetris.o
    0x2000103c        -       0x0000000c   Zero   RW         4490    .bss                game_flappybird.o
    0x20001048        -       0x00000060   Zero   RW         4832    .bss                cyz_package.o
    0x200010a8        -       0x00000500   Zero   RW          125    STACK               startup_stm32f10x_md.o


==============================================================================

Image component sizes


      Code (inc. data)   RO Data    RW Data    ZI Data      Debug   Object Name

       608        114          0          0          0       1483   adc.o
       132         14          0          0          0       2511   buzzer.o
         0          0          0          0          0         32   core_cm3.o
       758        312          0          8         96       4889   cyz_package.o
       310         34          0          4          0       4923   delay.o
       440         44          0          5          0       3996   dht11.o
       280         78          0          0          0       5585   esp8266.o
       512        166          0          0          0       3937   esp8266cmd.o
       736        120        138         24          0       6191   game_dino_jump.o
       876        144          8         16         12       5763   game_flappybird.o
      1024        116          0         20        128       6867   game_snake.o
      1696        224        112         28        300      11324   game_tetris.o
       400         26          0          0          0       2993   gpio_config.o
       468         50          0          2         24       5294   key_multi.o
       192         10          0          0          0       7766   main.o
      1152        136          0          1       2212      12977   menu.o
        68         14        792          1          0       1255   menu_creat.o
      3354        918         98          0          0      12281   menufunctions.o
       120         16          0          0          0       1795   misc.o
      1690         48          0          0       1024      15775   oled.o
         0          0       2090          0          0       1343   oled_data.o
       232         26          0          4          0       2942   sensor.o
        36          8        236          0       1280        896   startup_stm32f10x_md.o
       316         44          0          3         40       5610   statistics.o
       282         10          0          0          0       8089   stm32f10x_adc.o
       156         14          0          0          0       2528   stm32f10x_exti.o
       322         12          0          0          0       6116   stm32f10x_gpio.o
        18          0          0          0          0       4558   stm32f10x_it.o
       192         28          0         20          0       4866   stm32f10x_rcc.o
       222         42          0          0          0       4909   stm32f10x_tim.o
       344          6          0          0          0       7411   stm32f10x_usart.o
       248         24          0          0          0     266941   system_stm32f10x.o
       504        106         51          4          0       4514   timestamp.o
       756         42          0         24        256       9978   usart1.o

    ----------------------------------------------------------------------
     18490       2946       3564        168       5372     448338   Object Totals
         0          0         32          0          0          0   (incl. Generated)
        46          0          7          4          0          0   (incl. Padding)

    ----------------------------------------------------------------------

      Code (inc. data)   RO Data    RW Data    ZI Data      Debug   Library Member Name

       148         12          0          0          0         88   round.o
         0          0          0          0          0          0   entry.o
         0          0          0          0          0          0   entry10a.o
         0          0          0          0          0          0   entry11a.o
         8          4          0          0          0          0   entry2.o
         4          0          0          0          0          0   entry5.o
         0          0          0          0          0          0   entry7b.o
         0          0          0          0          0          0   entry8b.o
         8          4          0          0          0          0   entry9a.o
        30          0          0          0          0          0   handlers.o
        36          8          0          0          0         68   init.o
         0          0          0          0          0          0   iusefp.o
        30          0          0          0          0         68   llshl.o
        36          0          0          0          0         68   llsshr.o
        32          0          0          0          0         68   llushr.o
        36          0          0          0          0         68   memcpya.o
        36          0          0          0          0        108   memseta.o
      2426        100          0          0          0        832   printfa.o
        36         10          0          4          0        136   rand.o
        24          0          0          0          0         68   strcat.o
        28          0          0          0          0         76   strcmp.o
        14          0          0          0          0         68   strlen.o
        30          0          0          0          0         80   strncmp.o
        24          0          0          0          0         76   strncpy.o
        36          0          0          0          0         80   strstr.o
        44          0          0          0          0         80   uidiv.o
        98          0          0          0          0         92   uldiv.o
        48          0          0          0          0         68   cdcmple.o
        48          0          0          0          0         68   cdrcmple.o
        20          0          0          0          0         68   cfrcmple.o
       334          0          0          0          0        148   dadd.o
       222          0          0          0          0        100   ddiv.o
       186          0          0          0          0        176   depilogue.o
        50          0          0          0          0         76   dfixui.o
        48          0          0          0          0         68   dfixul.o
        26          0          0          0          0         76   dfltui.o
       228          0          0          0          0         96   dmul.o
       136          4          0          0          0         92   drnd.o
        38          0          0          0          0         68   f2d.o
       176          0          0          0          0        140   fadd.o
       124          0          0          0          0         88   fdiv.o
       110          0          0          0          0        168   fepilogue.o
        50          0          0          0          0         68   ffixi.o
        10          0          0          0          0         68   ffltui.o
       100          0          0          0          0         76   fmul.o

    ----------------------------------------------------------------------
      5122        142          0          4          0       3836   Library Totals
         4          0          0          0          0          0   (incl. Padding)

    ----------------------------------------------------------------------

      Code (inc. data)   RO Data    RW Data    ZI Data      Debug   Library Name

       148         12          0          0          0         88   m_ws.l
      3016        126          0          4          0       2036   mc_w.l
      1954          4          0          0          0       1712   mf_w.l

    ----------------------------------------------------------------------
      5122        142          0          4          0       3836   Library Totals

    ----------------------------------------------------------------------

==============================================================================


      Code (inc. data)   RO Data    RW Data    ZI Data      Debug   

     23612       3088       3564        172       5372     439170   Grand Totals
     23612       3088       3564        172       5372     439170   ELF Image Totals
     23612       3088       3564        172          0          0   ROM Totals

==============================================================================

    Total RO  Size (Code + RO Data)                27176 (  26.54kB)
    Total RW  Size (RW Data + ZI Data)              5544 (   5.41kB)
    Total ROM Size (Code + RO Data + RW Data)      27348 (  26.71kB)

==============================================================================

